Archive member included because of file (symbol)

/opt/esp-open-sdk/sdk/lib/libmain.a(debug-vector.o)
                              (_DebugExceptionVector)
/opt/esp-open-sdk/sdk/lib/libmain.a(double-vector.o)
                              (_DoubleExceptionVector)
/opt/esp-open-sdk/sdk/lib/libmain.a(kernel-vector.o)
                              (_KernelExceptionVector)
/opt/esp-open-sdk/sdk/lib/libmain.a(nmi-vector.o)
                              (_NMIExceptionVector)
/opt/esp-open-sdk/sdk/lib/libmain.a(user-vector.o)
                              (_UserExceptionVector)
/opt/esp-open-sdk/sdk/lib/libmain.a(vector.o)
                              (call_user_start)
/opt/esp-open-sdk/sdk/lib/libmain.a(app_main.o)
                              /opt/esp-open-sdk/sdk/lib/libmain.a(nmi-vector.o) (NMI_Handler)
/opt/esp-open-sdk/sdk/lib/libmain.a(ets_timer.o)
                              /opt/esp-open-sdk/sdk/lib/libmain.a(app_main.o) (ets_timer_setfn)
/opt/esp-open-sdk/sdk/lib/libmain.a(mem_manager.o)
                              /opt/esp-open-sdk/sdk/lib/libmain.a(app_main.o) (pvPortMalloc)
/opt/esp-open-sdk/sdk/lib/libmain.a(spi_flash.o)
                              /opt/esp-open-sdk/sdk/lib/libmain.a(app_main.o) (spi_flash_read)
/opt/esp-open-sdk/sdk/lib/libmain.a(user_interface.o)
                              /opt/esp-open-sdk/sdk/lib/libmain.a(app_main.o) (done_cb)
/opt/esp-open-sdk/sdk/lib/libmain.a(eagle_lib.o)
                              /opt/esp-open-sdk/sdk/lib/libmain.a(user_interface.o) (ets_sprintf)
/opt/esp-open-sdk/sdk/lib/libmain.a(eagle_lwip_if.o)
                              /opt/esp-open-sdk/sdk/lib/libmain.a(user_interface.o) (hostname)
/opt/Sming/Sming/compiler/lib//libsming.a(user_main.o)
                              /opt/esp-open-sdk/sdk/lib/libmain.a(app_main.o) (user_init)
/opt/Sming/Sming/compiler/lib//libsming.a(System.o)
                              /opt/Sming/Sming/compiler/lib//libsming.a(user_main.o) (_ZN11SystemClass10initializeEv)
/opt/Sming/Sming/compiler/lib//libsming.a(esp_cplusplus.o)
                              /opt/Sming/Sming/compiler/lib//libsming.a(user_main.o) (cpp_core_initialize)
/opt/Sming/Sming/compiler/lib//libsming.a(m_printf.o)
                              /opt/Sming/Sming/compiler/lib//libsming.a(esp_cplusplus.o) (m_printf)
/opt/Sming/Sming/compiler/lib//libsming.a(IPAddress.o)
                              /opt/Sming/Sming/compiler/lib//libsming.a(user_main.o) (_ZN9IPAddressC1Ehhhh)
/opt/Sming/Sming/compiler/lib//libsming.a(Print.o)
                              /opt/Sming/Sming/compiler/lib//libsming.a(IPAddress.o) (_ZN5Print5printEc)
/opt/Sming/Sming/compiler/lib//libsming.a(WString.o)
                              /opt/Sming/Sming/compiler/lib//libsming.a(IPAddress.o) (_ZN6StringD1Ev)
/opt/Sming/Sming/compiler/lib//libsming.a(Interrupts.o)
                              /opt/Sming/Sming/compiler/lib//libsming.a(System.o) (_Z12noInterruptsv)
/opt/Sming/Sming/compiler/lib//libsming.a(stringconversion.o)
                              /opt/Sming/Sming/compiler/lib//libsming.a(m_printf.o) (ltoa_wp)
/opt/Sming/Sming/compiler/lib//libsming.a(xt_interrupts.o)
                              /opt/Sming/Sming/compiler/lib//libsming.a(Interrupts.o) (xt_disable_interrupts)
/opt/Sming/Sming/compiler/lib//libsming.a(Digital.o)
                              /opt/Sming/Sming/compiler/lib//libsming.a(Interrupts.o) (_Z7pinModeth)
out/build/app_app.a(application.o)
                              /opt/Sming/Sming/compiler/lib//libsming.a(user_main.o) (_Z4initv)
out/build/app_app.a(webserver.o)
                              out/build/app_app.a(application.o) (_Z14startWebServerv)
out/build/app_app.a(configuration.o)
                              out/build/app_app.a(application.o) (_Z10loadConfigv)
/opt/Sming/Sming/compiler/lib//libmicroc.a(isspace.o)
                              /opt/Sming/Sming/compiler/lib//libsming.a(WString.o) (isspace)
/opt/Sming/Sming/compiler/lib//libmicroc.a(tolower.o)
                              /opt/Sming/Sming/compiler/lib//libsming.a(WString.o) (tolower)
/opt/Sming/Sming/compiler/lib//libmicroc.a(toupper.o)
                              /opt/Sming/Sming/compiler/lib//libsming.a(WString.o) (toupper)
/opt/Sming/Sming/compiler/lib//libmicroc.a(atof.o)
                              /opt/Sming/Sming/compiler/lib//libsming.a(WString.o) (atof)
/opt/Sming/Sming/compiler/lib//libmicroc.a(atoi.o)
                              /opt/Sming/Sming/compiler/lib//libsming.a(WString.o) (atoi)
/opt/Sming/Sming/compiler/lib//libmicroc.a(strtod.o)
                              /opt/Sming/Sming/compiler/lib//libmicroc.a(atof.o) (strtod)
/opt/Sming/Sming/compiler/lib//libmicroc.a(strtol.o)
                              out/build/app_app.a(configuration.o) (strtol)
/opt/Sming/Sming/compiler/lib//libmicroc.a(__fpclassify.o)
                              /opt/Sming/Sming/compiler/lib//libsming.a(Print.o) (__fpclassifyd)
[...]
Memory Configuration

Name             Origin             Length             Attributes
dport0_0_seg     0x000000003ff00000 0x0000000000000010
dram0_0_seg      0x000000003ffe8000 0x0000000000014000
iram1_0_seg      0x0000000040100000 0x0000000000008000
irom0_0_seg      0x0000000040209000 0x00000000000f7000
*default*        0x0000000000000000 0xffffffffffffffff

Linker script and memory map

START GROUP
LOAD /opt/Sming/Sming/compiler/lib//libmicroc.a
LOAD /opt/Sming/Sming/compiler/lib//libmicrogcc.a
LOAD /opt/esp-open-sdk/xtensa-lx106-elf/bin/../xtensa-lx106-elf/sysroot/usr/lib/libhal.a
LOAD /opt/esp-open-sdk/sdk/lib/libphy.a
LOAD /opt/esp-open-sdk/sdk/lib/libpp.a
LOAD /opt/esp-open-sdk/sdk/lib/libnet80211.a
LOAD /opt/esp-open-sdk/sdk/lib/liblwip.a
LOAD /opt/esp-open-sdk/sdk/lib/libwpa.a
LOAD /opt/esp-open-sdk/sdk/lib/libmain.a
LOAD /opt/Sming/Sming/compiler/lib//libsming.a
LOAD /opt/esp-open-sdk/sdk/lib/libcrypto.a
LOAD /opt/esp-open-sdk/sdk/lib/libpwm.a
LOAD /opt/esp-open-sdk/sdk/lib/libsmartconfig.a
LOAD out/build/app_app.a
END GROUP
                0x0000000040000000                PROVIDE (_memmap_vecbase_reset, 0x40000000)
                0x0000000000000110                _memmap_cacheattr_wb_base = 0x110
                0x0000000000000110                _memmap_cacheattr_wt_base = 0x110
                0x0000000000000220                _memmap_cacheattr_bp_base = 0x220
                0x00000000fffff00f                _memmap_cacheattr_unused_mask = 0xfffff00f
                0x000000002222211f                _memmap_cacheattr_wb_trapnull = 0x2222211f
                0x000000002222211f                _memmap_cacheattr_wba_trapnull = 0x2222211f
                0x000000002222211f                _memmap_cacheattr_wbna_trapnull = 0x2222211f
                0x000000002222211f                _memmap_cacheattr_wt_trapnull = 0x2222211f
                0x000000002222222f                _memmap_cacheattr_bp_trapnull = 0x2222222f
                0x00000000fffff11f                _memmap_cacheattr_wb_strict = 0xfffff11f
                0x00000000fffff11f                _memmap_cacheattr_wt_strict = 0xfffff11f
                0x00000000fffff22f                _memmap_cacheattr_bp_strict = 0xfffff22f
                0x0000000022222112                _memmap_cacheattr_wb_allvalid = 0x22222112
                0x0000000022222112                _memmap_cacheattr_wt_allvalid = 0x22222112
                0x0000000022222222                _memmap_cacheattr_bp_allvalid = 0x22222222
                0x000000002222211f                PROVIDE (_memmap_cacheattr_reset, _memmap_cacheattr_wb_trapnull)

.dport0.rodata  0x000000003ff00000        0x0
                0x000000003ff00000                _dport0_rodata_start = ABSOLUTE (.)
 *(.dport0.rodata)
 *(.dport.rodata)
                0x000000003ff00000                _dport0_rodata_end = ABSOLUTE (.)

.dport0.literal
                0x000000003ff00000        0x0
                0x000000003ff00000                _dport0_literal_start = ABSOLUTE (.)
 *(.dport0.literal)
 *(.dport.literal)
                0x000000003ff00000                _dport0_literal_end = ABSOLUTE (.)

.dport0.data    0x000000003ff00000        0x0
                0x000000003ff00000                _dport0_data_start = ABSOLUTE (.)
 *(.dport0.data)
 *(.dport.data)
                0x000000003ff00000                _dport0_data_end = ABSOLUTE (.)

.data           0x000000003ffe8000      0x374
                0x000000003ffe8000                _data_start = ABSOLUTE (.)
 *(.data)
 .data          0x000000003ffe8000        0x4 /opt/esp-open-sdk/sdk/lib/libmain.a(nmi-vector.o)
                0x000000003ffe8000                _Pri_3_HandlerAddress
 .data          0x000000003ffe8004        0x1 /opt/esp-open-sdk/sdk/lib/libmain.a(app_main.o)
 *fill*         0x000000003ffe8005        0x3 
 .data          0x000000003ffe8008        0x6 /opt/esp-open-sdk/sdk/lib/libmain.a(user_interface.o)
                0x000000003ffe8009                timer2_ms_flag
                0x000000003ffe800a                dhcps_flag
                0x000000003ffe800b                dhcpc_flag
                0x000000003ffe800d                reconnect_internal
 *fill*         0x000000003ffe800e        0x2 
 .data          0x000000003ffe8010        0x1 /opt/esp-open-sdk/sdk/lib/libmain.a(eagle_lwip_if.o)
                0x000000003ffe8010                default_hostname
 *fill*         0x000000003ffe8011        0xf 
 .data          0x000000003ffe8020       0x53 /opt/esp-open-sdk/sdk/lib/libphy.a(phy_chip_v6.o)
                0x000000003ffe8022                tx_rf_ana_gain
                0x000000003ffe8050                rx_gain_swp
                0x000000003ffe8070                test_rffreq_txcap
 *fill*         0x000000003ffe8073        0x1 
 .data          0x000000003ffe8074        0x4 /opt/esp-open-sdk/sdk/lib/libphy.a(phy_sleep.o)
                0x000000003ffe8074                chip_version
 .data          0x000000003ffe8078        0x1 /opt/esp-open-sdk/sdk/lib/libpp.a(pm.o)
 *fill*         0x000000003ffe8079        0x3 
 .data          0x000000003ffe807c        0x1 /opt/esp-open-sdk/sdk/lib/libpp.a(pm_for_bcn_only_mode.o)
 *fill*         0x000000003ffe807d        0x3 
 .data          0x000000003ffe8080       0x1c /opt/esp-open-sdk/sdk/lib/libpp.a(pp.o)
                0x000000003ffe8080                soft_wdt_interval
                0x000000003ffe8084                NoiseTimerInterval
                0x000000003ffe808c                sleep_start_wait_time
                0x000000003ffe8094                CanDoFreqCal
                0x000000003ffe8098                tcb
 *fill*         0x000000003ffe809c        0x4 
 .data          0x000000003ffe80a0       0x40 /opt/esp-open-sdk/sdk/lib/libpp.a(rate_control.o)
 .data          0x000000003ffe80e0      0x24c /opt/esp-open-sdk/sdk/lib/libpp.a(trc.o)
 .data          0x000000003ffe832c        0x8 /opt/esp-open-sdk/sdk/lib/libpp.a(wdev.o)
 .data          0x000000003ffe8334        0x1 /opt/esp-open-sdk/sdk/lib/libnet80211.a(ieee80211_hostap.o)
                0x000000003ffe8334                TmpSTAAPCloseAP
 *fill*         0x000000003ffe8335        0x3 
 .data          0x000000003ffe8338        0x1 /opt/esp-open-sdk/sdk/lib/libnet80211.a(wl_cnx.o)
 *fill*         0x000000003ffe8339        0x7 
 .data          0x000000003ffe8340       0x1c /opt/esp-open-sdk/sdk/lib/libnet80211.a(ieee80211_action.o)
 .data          0x000000003ffe835c        0x4 /opt/esp-open-sdk/sdk/lib/liblwip.a(dhcp.o)
 .data          0x000000003ffe8360        0x5 /opt/esp-open-sdk/sdk/lib/liblwip.a(dhcpserver.o)
                0x000000003ffe8360                dhcps_lease_time
 *fill*         0x000000003ffe8365        0x3 
 .data          0x000000003ffe8368        0x8 /opt/esp-open-sdk/sdk/lib/liblwip.a(tcp.o)
 *(.data.*)
 .data.cbc_printchar
                0x000000003ffe8370        0x4 /opt/Sming/Sming/compiler/lib//libsming.a(m_printf.o)
                0x000000003ffe8370                cbc_printchar
 *(.gnu.linkonce.d.*)
 *(.data1)
 *(.sdata)
 *(.sdata.*)
 *(.gnu.linkonce.s.*)
 *(.sdata2)
 *(.sdata2.*)
 *(.gnu.linkonce.s2.*)
 *(.jcr)
                0x000000003ffe8374                _data_end = ABSOLUTE (.)

.rodata         0x000000003ffe8378     0x22f4
                0x000000003ffe8378                _rodata_start = ABSOLUTE (.)
 *(.sdk.version)
 .sdk.version   0x000000003ffe8378        0x6 /opt/esp-open-sdk/sdk/lib/libmain.a(app_main.o)
                0x000000003ffe8378                SDK_VERSION
 *(.rodata)
 .rodata        0x000000003ffe837e      0x10a /opt/Sming/Sming/compiler/lib//libmicroc.a(intscan.o)
 .rodata        0x000000003ffe8488        0x8 /opt/esp-open-sdk/sdk/lib/libphy.a(phy_chip_v6.o)
 .rodata        0x000000003ffe8490        0x4 /opt/esp-open-sdk/sdk/lib/libpp.a(pp.o)
 .rodata        0x000000003ffe8494        0x8 /opt/esp-open-sdk/sdk/lib/libnet80211.a(ieee80211_hostap.o)
 .rodata        0x000000003ffe849c        0x6 /opt/esp-open-sdk/sdk/lib/liblwip.a(etharp.o)
                0x000000003ffe849c                ethbroadcast
 *fill*         0x000000003ffe84a2        0x2 
 .rodata        0x000000003ffe84a4       0x14 /opt/Sming/Sming/compiler/lib//libsming.a(WebSocket.o)
 *(.rodata.*)
 .rodata.str1.4
                0x000000003ffe84b8        0xc /opt/esp-open-sdk/sdk/lib/libmain.a(app_main.o)
 .rodata.str1.4
                0x000000003ffe84c4        0x4 /opt/esp-open-sdk/sdk/lib/libmain.a(ets_timer.o)
                                          0xc (size before relaxing)
 .rodata.str1.4
                0x000000003ffe84c8       0x1a /opt/esp-open-sdk/sdk/lib/libmain.a(mem_manager.o)
 *fill*         0x000000003ffe84e2        0x2 
 .rodata._ZL14EspDigitalPins
                0x000000003ffe84e4       0xc0 /opt/Sming/Sming/compiler/lib//libsming.a(user_main.o)
 *fill*         0x000000003ffe85a4        0x4 
 .rodata._ZTV6VectorI8DelegateIFvvEEE
                0x000000003ffe85a8       0x1c /opt/Sming/Sming/compiler/lib//libsming.a(System.o)
                0x000000003ffe85a8                _ZTV6VectorI8DelegateIFvvEEE
 *fill*         0x000000003ffe85c4        0x4 
 .rodata._ZTV6VectorIP19ISystemReadyHandlerE
                0x000000003ffe85c8       0x1c /opt/Sming/Sming/compiler/lib//libsming.a(System.o)
                0x000000003ffe85c8                _ZTV6VectorIP19ISystemReadyHandlerE
 .rodata.str1.1
                0x000000003ffe85e4       0x41 /opt/Sming/Sming/compiler/lib//libsming.a(esp_cplusplus.o)
 .rodata.str1.1
                0x000000003ffe8625        0xf /opt/Sming/Sming/compiler/lib//libsming.a(IPAddress.o)
                                         0x10 (size before relaxing)
 *fill*         0x000000003ffe8634        0x4 
 .rodata._ZTV9IPAddress
                0x000000003ffe8638        0xc /opt/Sming/Sming/compiler/lib//libsming.a(IPAddress.o)
                0x000000003ffe8638                _ZTV9IPAddress
 .rodata.str1.1
                0x000000003ffe8644        0xe /opt/Sming/Sming/compiler/lib//libsming.a(Print.o)
 .rodata.str1.1
                0x0000000000000000        0x1 /opt/Sming/Sming/compiler/lib//libsming.a(WString.o)
 .rodata.str1.1
                0x000000003ffe8652       0x1d /opt/Sming/Sming/compiler/lib//libsming.a(stringconversion.o)
                                         0x21 (size before relaxing)
 .rodata.str1.1
                0x000000003ffe866f      0x14a out/build/app_app.a(application.o)
                                        0x166 (size before relaxing)
 *fill*         0x000000003ffe87b9        0x7 
 .rodata._ZTV15IDelegateCallerIvIEE
                0x000000003ffe87c0       0x14 out/build/app_app.a(application.o)
                0x000000003ffe87c0                _ZTV15IDelegateCallerIvIEE
 *fill*         0x000000003ffe87d4        0x4 
 .rodata._ZTV14FunctionCallerIPFvvEvIEE
                0x000000003ffe87d8       0x14 out/build/app_app.a(application.o)
                0x000000003ffe87d8                _ZTV14FunctionCallerIPFvvEvIEE
 *fill*         0x000000003ffe87ec        0x4 
 .rodata._ZTV15IDelegateCallerIvIR10HttpClientbEE
                0x000000003ffe87f0       0x14 out/build/app_app.a(application.o)
                0x000000003ffe87f0                _ZTV15IDelegateCallerIvIR10HttpClientbEE
 *fill*         0x000000003ffe8804        0x4 
 .rodata._ZTV14FunctionCallerIPFvR10HttpClientbEvIS1_bEE
                0x000000003ffe8808       0x14 out/build/app_app.a(application.o)
                0x000000003ffe8808                _ZTV14FunctionCallerIPFvR10HttpClientbEvIS1_bEE
 .rodata.str1.1
                0x000000003ffe881c      0x2f2 out/build/app_app.a(webserver.o)
                                        0x31a (size before relaxing)
 *fill*         0x000000003ffe8b0e        0x2 
 .rodata._ZTV15IDelegateCallerIvIR11HttpRequestR12HttpResponseEE
                0x000000003ffe8b10       0x14 out/build/app_app.a(webserver.o)
                0x000000003ffe8b10                _ZTV15IDelegateCallerIvIR11HttpRequestR12HttpResponseEE
 *fill*         0x000000003ffe8b24        0x4 
 .rodata._ZTV14FunctionCallerIPFvR11HttpRequestR12HttpResponseEvIS1_S3_EE
                0x000000003ffe8b28       0x14 out/build/app_app.a(webserver.o)
                0x000000003ffe8b28                _ZTV14FunctionCallerIPFvR11HttpRequestR12HttpResponseEvIS1_S3_EE
 .rodata.str1.1
                0x000000003ffe8b3c       0x84 out/build/app_app.a(configuration.o)
                                         0x8e (size before relaxing)
 .rodata._ZTVN11ArduinoJson9Internals15BlockJsonBufferINS0_16DefaultAllocatorEEE
                0x000000003ffe8bc0        0xc out/build/app_app.a(configuration.o)
                0x000000003ffe8bc0                _ZTVN11ArduinoJson9Internals15BlockJsonBufferINS0_16DefaultAllocatorEEE
 .rodata.str1.1
                0x000000003ffe8bcc        0xc /opt/Sming/Sming/compiler/lib//libmicroc.a(abort.o)
 .rodata.str1.4
                0x000000003ffe8bd8        0x4 /opt/esp-open-sdk/sdk/lib/libpp.a(lmac.o)
                                          0xc (size before relaxing)
 .rodata.str1.4
                0x000000003ffe8bdc        0x4 /opt/esp-open-sdk/sdk/lib/libpp.a(pm_for_bcn_only_mode.o)
                                          0xc (size before relaxing)
 .rodata.str1.4
                0x000000003ffe8be0        0x8 /opt/esp-open-sdk/sdk/lib/libpp.a(pp.o)
                                         0x10 (size before relaxing)
 .rodata.str1.4
                0x000000003ffe8be8        0x4 /opt/esp-open-sdk/sdk/lib/libpp.a(wdev.o)
                                          0xc (size before relaxing)
 .rodata.str1.4
                0x000000003ffe8bec        0x3 /opt/esp-open-sdk/sdk/lib/libnet80211.a(ieee80211_hostap.o)
                                          0x8 (size before relaxing)
 *fill*         0x000000003ffe8bef        0x1 
 .rodata.str1.4
                0x000000003ffe8bf0        0x7 /opt/esp-open-sdk/sdk/lib/libnet80211.a(ieee80211_mesh_quick.o)
 .rodata.str1.4
                0x0000000000000000        0x4 /opt/esp-open-sdk/sdk/lib/libnet80211.a(ieee80211_sta.o)
 .rodata.str1.4
                0x0000000000000000        0x4 /opt/esp-open-sdk/sdk/lib/libnet80211.a(ieee80211_action_vendor.o)
 .rodata.str1.4
                0x0000000000000000        0x4 /opt/esp-open-sdk/sdk/lib/libnet80211.a(ieee80211_ie_vendor.o)
 *fill*         0x000000003ffe8bf7        0x1 
 .rodata.str1.4
                0x000000003ffe8bf8        0x4 /opt/esp-open-sdk/sdk/lib/liblwip.a(espconn_tcp.o)
                                          0x1 (size before relaxing)
 .rodata.str1.1
                0x000000003ffe8bfc      0x157 /opt/Sming/Sming/compiler/lib//libsming.a(spiffs_sming.o)
                                        0x165 (size before relaxing)
 .rodata.str1.1
                0x000000003ffe8d53       0x34 /opt/Sming/Sming/compiler/lib//libsming.a(FileSystem.o)
                                         0x37 (size before relaxing)
 *fill*         0x000000003ffe8d87        0x1 
 .rodata._ZTV6VectorI6StringE
                0x000000003ffe8d88       0x1c /opt/Sming/Sming/compiler/lib//libsming.a(FileSystem.o)
                0x000000003ffe8d88                _ZTV6VectorI6StringE
 .rodata.str1.1
                0x000000003ffe8da4      0x13c /opt/Sming/Sming/compiler/lib//libsming.a(DataSourceStream.o)
                                        0x13d (size before relaxing)
 .rodata._ZTV17IDataSourceStream
                0x000000003ffe8ee0       0x20 /opt/Sming/Sming/compiler/lib//libsming.a(DataSourceStream.o)
                0x000000003ffe8ee0                _ZTV17IDataSourceStream
 .rodata._ZTV16MemoryDataStream
                0x000000003ffe8f00       0x48 /opt/Sming/Sming/compiler/lib//libsming.a(DataSourceStream.o)
                0x000000003ffe8f00                _ZTV16MemoryDataStream
 .rodata._ZTV10FileStream
                0x000000003ffe8f48       0x2c /opt/Sming/Sming/compiler/lib//libsming.a(DataSourceStream.o)
                0x000000003ffe8f48                _ZTV10FileStream
 *fill*         0x000000003ffe8f74        0x4 
 .rodata._ZTV18TemplateFileStream
                0x000000003ffe8f78       0x2c /opt/Sming/Sming/compiler/lib//libsming.a(DataSourceStream.o)
                0x000000003ffe8f78                _ZTV18TemplateFileStream
 *fill*         0x000000003ffe8fa4        0x4 
 .rodata._ZTV16JsonObjectStream
                0x000000003ffe8fa8       0x48 /opt/Sming/Sming/compiler/lib//libsming.a(DataSourceStream.o)
                0x000000003ffe8fa8                _ZTV16JsonObjectStream
 .rodata.str1.1
                0x0000000000000000      0x13c /opt/Sming/Sming/compiler/lib//libsming.a(HardwareSerial.o)
                                          0x3 (size before relaxing)
 .rodata._ZTV14HardwareSerial
                0x000000003ffe8ff0       0x20 /opt/Sming/Sming/compiler/lib//libsming.a(HardwareSerial.o)
                0x000000003ffe8ff0                _ZTV14HardwareSerial
 .rodata.str1.1
                0x000000003ffe9010       0x13 /opt/Sming/Sming/compiler/lib//libsming.a(RTC.o)
 .rodata.str1.1
                0x000000003ffe9023      0x2b6 /opt/Sming/Sming/compiler/lib//libsming.a(Station.o)
                                        0x2c2 (size before relaxing)
 *fill*         0x000000003ffe92d9        0x7 
 .rodata._ZTV19ISystemReadyHandler
                0x000000003ffe92e0       0x14 /opt/Sming/Sming/compiler/lib//libsming.a(Station.o)
                0x000000003ffe92e0                _ZTV19ISystemReadyHandler
 *fill*         0x000000003ffe92f4        0x4 
 .rodata._ZTV12StationClass
                0x000000003ffe92f8       0x14 /opt/Sming/Sming/compiler/lib//libsming.a(Station.o)
                0x000000003ffe92f8                _ZTV12StationClass
 *fill*         0x000000003ffe930c        0x4 
 .rodata._ZTV6VectorI7BssInfoE
                0x000000003ffe9310       0x1c /opt/Sming/Sming/compiler/lib//libsming.a(Station.o)
                0x000000003ffe9310                _ZTV6VectorI7BssInfoE
 .rodata.str1.1
                0x000000003ffe932c       0xde /opt/Sming/Sming/compiler/lib//libsming.a(AccessPoint.o)
                                        0x145 (size before relaxing)
 *fill*         0x000000003ffe940a        0x6 
 .rodata._ZTV16AccessPointClass
                0x000000003ffe9410       0x14 /opt/Sming/Sming/compiler/lib//libsming.a(AccessPoint.o)
                0x000000003ffe9410                _ZTV16AccessPointClass
 .rodata.str1.1
                0x000000003ffe9424       0xea /opt/Sming/Sming/compiler/lib//libsming.a(HttpClient.o)
                                         0xf8 (size before relaxing)
 *fill*         0x000000003ffe950e        0x2 
 .rodata._ZTV10HttpClient
                0x000000003ffe9510       0x40 /opt/Sming/Sming/compiler/lib//libsming.a(HttpClient.o)
                0x000000003ffe9510                _ZTV10HttpClient
 .rodata.str1.1
                0x000000003ffe9550      0x118 /opt/Sming/Sming/compiler/lib//libsming.a(HttpServer.o)
                                        0x143 (size before relaxing)
 .rodata._ZTV6VectorI9WebSocketE
                0x000000003ffe9668       0x1c /opt/Sming/Sming/compiler/lib//libsming.a(HttpServer.o)
                0x000000003ffe9668                _ZTV6VectorI9WebSocketE
 *fill*         0x000000003ffe9684        0x4 
 .rodata._ZTV10HttpServer
                0x000000003ffe9688       0x5c /opt/Sming/Sming/compiler/lib//libsming.a(HttpServer.o)
                0x000000003ffe9688                _ZTV10HttpServer
 *fill*         0x000000003ffe96e4        0x4 
 .rodata._ZTV15IDelegateCallerIvIR20HttpServerConnectionEE
                0x000000003ffe96e8       0x14 /opt/Sming/Sming/compiler/lib//libsming.a(HttpServer.o)
                0x000000003ffe96e8                _ZTV15IDelegateCallerIvIR20HttpServerConnectionEE
 *fill*         0x000000003ffe96fc        0x4 
 .rodata._ZTV12MethodCallerIM10HttpServerFvR20HttpServerConnectionEE
                0x000000003ffe9700       0x14 /opt/Sming/Sming/compiler/lib//libsming.a(HttpServer.o)
                0x000000003ffe9700                _ZTV12MethodCallerIM10HttpServerFvR20HttpServerConnectionEE
 .rodata.str1.1
                0x0000000000000000        0xa /opt/Sming/Sming/compiler/lib//libsming.a(URL.o)
 .rodata.str1.1
                0x000000003ffe9714      0x1af /opt/Sming/Sming/compiler/lib//libsming.a(HttpResponse.o)
                                        0x1ec (size before relaxing)
 *fill*         0x000000003ffe98c3        0x5 
 .rodata._ZTV12HttpResponse
                0x000000003ffe98c8       0x10 /opt/Sming/Sming/compiler/lib//libsming.a(HttpResponse.o)
                0x000000003ffe98c8                _ZTV12HttpResponse
 .rodata.str1.1
                0x000000003ffe98d8      0x203 /opt/Sming/Sming/compiler/lib//libsming.a(TcpConnection.o)
                                        0x220 (size before relaxing)
 *fill*         0x000000003ffe9adb        0x5 
 .rodata._ZTV13TcpConnection
                0x000000003ffe9ae0       0x38 /opt/Sming/Sming/compiler/lib//libsming.a(TcpConnection.o)
                0x000000003ffe9ae0                _ZTV13TcpConnection
 .rodata.str1.1
                0x000000003ffe9b18       0xac /opt/Sming/Sming/compiler/lib//libsming.a(HttpRequest.o)
                                        0x10d (size before relaxing)
 *fill*         0x000000003ffe9bc4        0x4 
 .rodata._ZTV11HttpRequest
                0x000000003ffe9bc8       0x10 /opt/Sming/Sming/compiler/lib//libsming.a(HttpRequest.o)
                0x000000003ffe9bc8                _ZTV11HttpRequest
 .rodata.str1.1
                0x000000003ffe9bd8       0x1e /opt/Sming/Sming/compiler/lib//libsming.a(TcpClient.o)
 *fill*         0x000000003ffe9bf6        0x2 
 .rodata._ZTV9TcpClient
                0x000000003ffe9bf8       0x3c /opt/Sming/Sming/compiler/lib//libsming.a(TcpClient.o)
                0x000000003ffe9bf8                _ZTV9TcpClient
 .rodata.str1.1
                0x000000003ffe9c34       0xec /opt/Sming/Sming/compiler/lib//libsming.a(HttpServerConnection.o)
                                         0xfb (size before relaxing)
 .rodata._ZTV20HttpServerConnection
                0x000000003ffe9d20       0x40 /opt/Sming/Sming/compiler/lib//libsming.a(HttpServerConnection.o)
                0x000000003ffe9d20                _ZTV20HttpServerConnection
 .rodata.str1.1
                0x000000003ffe9d60       0x35 /opt/Sming/Sming/compiler/lib//libsming.a(escape.o)
 .rodata._ZZ12uri_unescapeE12__FUNCTION__
                0x000000003ffe9d95        0xd /opt/Sming/Sming/compiler/lib//libsming.a(escape.o)
 .rodata.str1.1
                0x000000003ffe9da2        0xb /opt/Sming/Sming/compiler/lib//libsming.a(ArduinoJson.o)
                                         0x11 (size before relaxing)
 *fill*         0x000000003ffe9dad        0x3 
 .rodata._ZTVN11ArduinoJson9Internals13IndentedPrintE
                0x000000003ffe9db0       0x10 /opt/Sming/Sming/compiler/lib//libsming.a(ArduinoJson.o)
                0x000000003ffe9db0                _ZTVN11ArduinoJson9Internals13IndentedPrintE
 .rodata._ZTVN11ArduinoJson9Internals10PrettyfierE
                0x000000003ffe9dc0       0x10 /opt/Sming/Sming/compiler/lib//libsming.a(ArduinoJson.o)
                0x000000003ffe9dc0                _ZTVN11ArduinoJson9Internals10PrettyfierE
 .rodata._ZTVN11ArduinoJson9Internals19StaticStringBuilderE
                0x000000003ffe9dd0       0x10 /opt/Sming/Sming/compiler/lib//libsming.a(ArduinoJson.o)
                0x000000003ffe9dd0                _ZTVN11ArduinoJson9Internals19StaticStringBuilderE
 .rodata._ZN11ArduinoJson9Internals8Encoding12_escapeTableE
                0x000000003ffe9de0        0xf /opt/Sming/Sming/compiler/lib//libsming.a(ArduinoJson.o)
                0x000000003ffe9de0                _ZN11ArduinoJson9Internals8Encoding12_escapeTableE
 .rodata.str1.1
                0x000000003ffe9def       0xf3 /opt/Sming/Sming/compiler/lib//libsming.a(CommandExecutor.o)
                                         0xf8 (size before relaxing)
 .rodata.str1.1
                0x0000000000000000       0x17 /opt/Sming/Sming/compiler/lib//libsming.a(websocket.o)
 .rodata._ZZ17wsParseInputFramePhjPS_PjE12__FUNCTION__
                0x000000003ffe9ee2       0x12 /opt/Sming/Sming/compiler/lib//libsming.a(websocket.o)
 .rodata._ZZ11wsMakeFramePKhjPhPj11wsFrameTypeE12__FUNCTION__
                0x000000003ffe9ef4        0xc /opt/Sming/Sming/compiler/lib//libsming.a(websocket.o)
 .rodata.str1.1
                0x000000003ffe9f00       0x59 /opt/Sming/Sming/compiler/lib//libsming.a(flashmem.o)
 *fill*         0x000000003ffe9f59        0x3 
 .rodata.CSWTCH$10
                0x000000003ffe9f5c       0x14 /opt/Sming/Sming/compiler/lib//libsming.a(flashmem.o)
 .rodata._ZTV8WDTClass
                0x000000003ffe9f70       0x14 /opt/Sming/Sming/compiler/lib//libsming.a(WDT.o)
                0x000000003ffe9f70                _ZTV8WDTClass
 .rodata.str1.1
                0x000000003ffe9f84      0x13e /opt/Sming/Sming/compiler/lib//libsming.a(TcpServer.o)
 *fill*         0x000000003ffea0c2        0x6 
 .rodata._ZTV9TcpServer
                0x000000003ffea0c8       0x50 /opt/Sming/Sming/compiler/lib//libsming.a(TcpServer.o)
                0x000000003ffea0c8                _ZTV9TcpServer
 .rodata._ZTV15IDelegateCallerIvIR9TcpClientbEE
                0x000000003ffea118       0x14 /opt/Sming/Sming/compiler/lib//libsming.a(TcpServer.o)
                0x000000003ffea118                _ZTV15IDelegateCallerIvIR9TcpClientbEE
 *fill*         0x000000003ffea12c        0x4 
 .rodata._ZTV15IDelegateCallerIbIR9TcpClientPciEE
                0x000000003ffea130       0x14 /opt/Sming/Sming/compiler/lib//libsming.a(TcpServer.o)
                0x000000003ffea130                _ZTV15IDelegateCallerIbIR9TcpClientPciEE
 *fill*         0x000000003ffea144        0x4 
 .rodata._ZTV12MethodCallerIM9TcpServerFbR9TcpClientPciEE
                0x000000003ffea148       0x14 /opt/Sming/Sming/compiler/lib//libsming.a(TcpServer.o)
                0x000000003ffea148                _ZTV12MethodCallerIM9TcpServerFbR9TcpClientPciEE
 *fill*         0x000000003ffea15c        0x4 
 .rodata._ZTV12MethodCallerIM9TcpServerFvR9TcpClientbEE
                0x000000003ffea160       0x14 /opt/Sming/Sming/compiler/lib//libsming.a(TcpServer.o)
                0x000000003ffea160                _ZTV12MethodCallerIM9TcpServerFvR9TcpClientbEE
 .rodata.str1.1
                0x000000003ffea174       0x15 /opt/Sming/Sming/compiler/lib//libsming.a(WebSocket.o)
                                         0x5b (size before relaxing)
 *fill*         0x000000003ffea189        0x7 
 .rodata._ZTV9WebSocket
                0x000000003ffea190        0xc /opt/Sming/Sming/compiler/lib//libsming.a(WebSocket.o)
                0x000000003ffea190                _ZTV9WebSocket
 .rodata._ZL13base64enc_tab
                0x000000003ffea19c       0x41 /opt/Sming/Sming/compiler/lib//libsming.a(base64.o)
 .rodata.str1.1
                0x000000003ffea1dd      0x3b3 /opt/Sming/Sming/compiler/lib//libsming.a(CommandHandler.o)
                                        0x3bb (size before relaxing)
 .rodata.str1.1
                0x000000003ffea590        0xb /opt/Sming/Sming/compiler/lib//libsming.a(CommandOutput.o)
                                          0xc (size before relaxing)
 *fill*         0x000000003ffea59b        0x5 
 .rodata._ZTV13CommandOutput
                0x000000003ffea5a0       0x18 /opt/Sming/Sming/compiler/lib//libsming.a(CommandOutput.o)
                0x000000003ffea5a0                _ZTV13CommandOutput
 .rodata.str1.1
                0x0000000000000000        0x1 /opt/Sming/Sming/compiler/lib//libsming.a(CommandDelegate.o)
 *(.gnu.linkonce.r.*)
 *(.rodata1)
                0x000000003ffea5b8                __XT_EXCEPTION_TABLE__ = ABSOLUTE (.)
 *(.xt_except_table)
 *(.gcc_except_table)
 *(.gnu.linkonce.e.*)
 *(.gnu.version_r)
 *(.eh_frame)
                0x000000003ffea5b8                . = ((. + 0x3) & 0xfffffffffffffffc)
                0x000000003ffea5b8                __dso_handle = ABSOLUTE (.)
                0x000000003ffea5b8                __init_array_start = ABSOLUTE (.)
 *crtbegin.o(.ctors)
 *(EXCLUDE_FILE(*crtend.o) .ctors)
 .ctors         0x000000003ffea5b8        0x4 /opt/Sming/Sming/compiler/lib//libsming.a(user_main.o)
 .ctors         0x000000003ffea5bc        0x4 /opt/Sming/Sming/compiler/lib//libsming.a(System.o)
 .ctors         0x000000003ffea5c0        0x4 /opt/Sming/Sming/compiler/lib//libsming.a(IPAddress.o)
 .ctors         0x000000003ffea5c4        0x4 /opt/Sming/Sming/compiler/lib//libsming.a(Print.o)
 .ctors         0x000000003ffea5c8        0x4 /opt/Sming/Sming/compiler/lib//libsming.a(WString.o)
 .ctors         0x000000003ffea5cc        0x4 /opt/Sming/Sming/compiler/lib//libsming.a(Interrupts.o)
 .ctors         0x000000003ffea5d0        0x4 /opt/Sming/Sming/compiler/lib//libsming.a(Digital.o)
 .ctors         0x000000003ffea5d4        0x4 out/build/app_app.a(application.o)
 .ctors         0x000000003ffea5d8        0x4 out/build/app_app.a(webserver.o)
 .ctors         0x000000003ffea5dc        0x4 out/build/app_app.a(configuration.o)
 .ctors         0x000000003ffea5e0        0x4 /opt/Sming/Sming/compiler/lib//libsming.a(DataSourceStream.o)
 .ctors         0x000000003ffea5e4        0x4 /opt/Sming/Sming/compiler/lib//libsming.a(HardwareSerial.o)
 .ctors         0x000000003ffea5e8        0x4 /opt/Sming/Sming/compiler/lib//libsming.a(RTC.o)
 .ctors         0x000000003ffea5ec        0x4 /opt/Sming/Sming/compiler/lib//libsming.a(Station.o)
 .ctors         0x000000003ffea5f0        0x4 /opt/Sming/Sming/compiler/lib//libsming.a(AccessPoint.o)
 .ctors         0x000000003ffea5f4        0x4 /opt/Sming/Sming/compiler/lib//libsming.a(HttpClient.o)
 .ctors         0x000000003ffea5f8        0x4 /opt/Sming/Sming/compiler/lib//libsming.a(HttpServer.o)
 .ctors         0x000000003ffea5fc        0x4 /opt/Sming/Sming/compiler/lib//libsming.a(HttpResponse.o)
 .ctors         0x000000003ffea600        0x4 /opt/Sming/Sming/compiler/lib//libsming.a(TcpConnection.o)
 .ctors         0x000000003ffea604        0x4 /opt/Sming/Sming/compiler/lib//libsming.a(HttpRequest.o)
 .ctors         0x000000003ffea608        0x4 /opt/Sming/Sming/compiler/lib//libsming.a(TcpClient.o)
 .ctors         0x000000003ffea60c        0x4 /opt/Sming/Sming/compiler/lib//libsming.a(HttpServerConnection.o)
 .ctors         0x000000003ffea610        0x4 /opt/Sming/Sming/compiler/lib//libsming.a(DateTime.o)
 .ctors         0x000000003ffea614        0x4 /opt/Sming/Sming/compiler/lib//libsming.a(ArduinoJson.o)
 .ctors         0x000000003ffea618        0x4 /opt/Sming/Sming/compiler/lib//libsming.a(CommandExecutor.o)
 .ctors         0x000000003ffea61c        0x4 /opt/Sming/Sming/compiler/lib//libsming.a(Clock.o)
 .ctors         0x000000003ffea620        0x4 /opt/Sming/Sming/compiler/lib//libsming.a(WDT.o)
 .ctors         0x000000003ffea624        0x4 /opt/Sming/Sming/compiler/lib//libsming.a(TcpServer.o)
 .ctors         0x000000003ffea628        0x4 /opt/Sming/Sming/compiler/lib//libsming.a(WebSocket.o)
 .ctors         0x000000003ffea62c        0x4 /opt/Sming/Sming/compiler/lib//libsming.a(CommandHandler.o)
 .ctors         0x000000003ffea630        0x4 /opt/Sming/Sming/compiler/lib//libsming.a(CommandOutput.o)
 .ctors         0x000000003ffea634        0x4 /opt/Sming/Sming/compiler/lib//libsming.a(CommandDelegate.o)
 .ctors         0x000000003ffea638        0x4 /opt/Sming/Sming/compiler/lib//libsming.a(SystemClock.o)
 *(SORT(.ctors.*))
 *(.ctors)
                0x000000003ffea63c                __init_array_end = ABSOLUTE (.)
 *crtbegin.o(.dtors)
 *(EXCLUDE_FILE(*crtend.o) .dtors)
 .dtors         0x000000003ffea63c        0x4 /opt/Sming/Sming/compiler/lib//libsming.a(System.o)
 .dtors         0x000000003ffea640        0x4 /opt/Sming/Sming/compiler/lib//libsming.a(Interrupts.o)
 .dtors         0x000000003ffea644        0x4 out/build/app_app.a(application.o)
 .dtors         0x000000003ffea648        0x4 out/build/app_app.a(webserver.o)
 .dtors         0x000000003ffea64c        0x4 out/build/app_app.a(configuration.o)
 .dtors         0x000000003ffea650        0x4 /opt/Sming/Sming/compiler/lib//libsming.a(HardwareSerial.o)
 .dtors         0x000000003ffea654        0x4 /opt/Sming/Sming/compiler/lib//libsming.a(Station.o)
 .dtors         0x000000003ffea658        0x4 /opt/Sming/Sming/compiler/lib//libsming.a(AccessPoint.o)
 .dtors         0x000000003ffea65c        0x4 /opt/Sming/Sming/compiler/lib//libsming.a(WDT.o)
 .dtors         0x000000003ffea660        0x4 /opt/Sming/Sming/compiler/lib//libsming.a(CommandHandler.o)
 *(SORT(.dtors.*))
 *(.dtors)
                0x000000003ffea664                __XT_EXCEPTION_DESCS__ = ABSOLUTE (.)
 *(.xt_except_desc)
 *(.gnu.linkonce.h.*)
                0x000000003ffea664                __XT_EXCEPTION_DESCS_END__ = ABSOLUTE (.)
 *(.xt_except_desc_end)
 *(.dynamic)
 *(.gnu.version_d)
                0x000000003ffea664                . = ALIGN (0x4)
                0x000000003ffea664                _bss_table_start = ABSOLUTE (.)
                0x000000003ffea664        0x4 LONG 0x3ffea670 _bss_start
                0x000000003ffea668        0x4 LONG 0x3fff1eb8 _bss_end
                0x000000003ffea66c                _bss_table_end = ABSOLUTE (.)
                0x000000003ffea66c                _rodata_end = ABSOLUTE (.)

.bss            0x000000003ffea670     0x7848
                0x000000003ffea670                . = ALIGN (0x8)
                0x000000003ffea670                _bss_start = ABSOLUTE (.)
 *(.dynsbss)
 *(.sbss)
 *(.sbss.*)
 *(.gnu.linkonce.sb.*)
 *(.scommon)
 *(.sbss2)
 *(.sbss2.*)
 *(.gnu.linkonce.sb2.*)
 *(.dynbss)
 *(.bss)
 .bss           0x000000003ffea670      0x1c0 /opt/esp-open-sdk/sdk/lib/libmain.a(nmi-vector.o)
 .bss           0x000000003ffea830       0x41 /opt/esp-open-sdk/sdk/lib/libmain.a(app_main.o)
                0x000000003ffea834                info
                0x000000003ffea858                lwip_timer_interval
                0x000000003ffea85c                check_timeouts_timer
                0x000000003ffea870                user_init_flag
 *fill*         0x000000003ffea871        0xf 
 .bss           0x000000003ffea880       0x30 /opt/esp-open-sdk/sdk/lib/libmain.a(ets_timer.o)
                0x000000003ffea880                timer_list
                0x000000003ffea884                debug_timer
                0x000000003ffea888                debug_timerfn
 .bss           0x000000003ffea8b0       0x34 /opt/esp-open-sdk/sdk/lib/libmain.a(mem_manager.o)
 .bss           0x000000003ffea8e4        0x4 /opt/esp-open-sdk/sdk/lib/libmain.a(spi_flash.o)
                0x000000003ffea8e4                flash_read
 *fill*         0x000000003ffea8e8        0x8 
 .bss           0x000000003ffea8f0      0x242 /opt/esp-open-sdk/sdk/lib/libmain.a(user_interface.o)
                0x000000003ffea9e7                deep_sleep_flag
                0x000000003ffea9e8                cpu_overclock
                0x000000003ffea9ec                event_cb
                0x000000003ffea9f0                status_led_output_level
                0x000000003ffea9f4                done_cb
                0x000000003ffea9f8                rst_if
                0x000000003ffeaa14                default_interface
                0x000000003ffeaa15                OpmodChgIsOnGoing
                0x000000003ffeaa18                promiscuous_cb
                0x000000003ffeaa30                event_TaskQueue
 *fill*         0x000000003ffeab32        0x2 
 .bss           0x000000003ffeab34        0xc /opt/esp-open-sdk/sdk/lib/libmain.a(eagle_lwip_if.o)
                0x000000003ffeab34                hostname
 .bss           0x000000003ffeab40        0x4 /opt/Sming/Sming/compiler/lib//libmicroc.a(__errno_location.o)
 .bss           0x000000003ffeab44        0x4 /opt/esp-open-sdk/sdk/lib/libphy.a(phy.o)
 .bss           0x000000003ffeab48        0x2 /opt/esp-open-sdk/sdk/lib/libphy.a(phy_chip_v6_ana.o)
                0x000000003ffeab48                tout_dis_txpwr_track
                0x000000003ffeab49                sleep_mode_flag
 *fill*         0x000000003ffeab4a        0x6 
 .bss           0x000000003ffeab50      0x160 /opt/esp-open-sdk/sdk/lib/libphy.a(phy_chip_v6.o)
                0x000000003ffeab50                g_phyFuns
                0x000000003ffeab54                rxiq_compute_num
                0x000000003ffeab58                rx_table_renew_en
                0x000000003ffeab5c                check_result
                0x000000003ffeab60                chip6_sleep_params
                0x000000003ffeabf4                chip6_phy_init_ctrl
                0x000000003ffeac68                phy_freq_offset
                0x000000003ffeac6a                do_pwctrl_flag
                0x000000003ffeac6b                pwctrl_debug
                0x000000003ffeac6c                txbk_dpdby_flag
                0x000000003ffeac6e                sw_scan_mode
                0x000000003ffeac6f                rxmax_ext_level
                0x000000003ffeac70                phy_rx_gain_dc_table
                0x000000003ffeac84                periodic_cal_dc_num
                0x000000003ffeac88                periodic_cal_flag
                0x000000003ffeac89                bbpll_cal_flag
                0x000000003ffeac8a                phy_in_most_power
                0x000000003ffeac8b                init_rf_no_cal
                0x000000003ffeac8c                test_print_time
                0x000000003ffeac90                phy_rx_gain_dc_flag
                0x000000003ffeac91                phy_in_vdd33_offset
                0x000000003ffeac92                phy_set_most_tpw_disbg
                0x000000003ffeac93                phy_set_most_tpw_index
                0x000000003ffeac94                adc_rand_noise
                0x000000003ffeac98                dpd_bypass_original
                0x000000003ffeaca0                noise_array
 .bss           0x000000003ffeacb0        0x8 /opt/esp-open-sdk/sdk/lib/libphy.a(phy_chip_v6_cal.o)
                0x000000003ffeacb0                phy_tx_power_out
                0x000000003ffeacb2                loop_pwctrl_pwdet_error_accum_high_power
                0x000000003ffeacb4                tx_pwctrl_pk_num
                0x000000003ffeacb5                tx_pwctrl_track_num
                0x000000003ffeacb6                loop_pwctrl_correct_atten_high_power
                0x000000003ffeacb7                rxiq_cover_fail_num
 .bss           0x000000003ffeacb8        0x7 /opt/esp-open-sdk/sdk/lib/libphy.a(phy_sleep.o)
                0x000000003ffeacb8                periodic_cal_sat
                0x000000003ffeacba                lslp_mem_opt_8266
                0x000000003ffeacbc                software_slp_reject
                0x000000003ffeacbd                SDIO_slp_reject
                0x000000003ffeacbe                hardware_reject
 *fill*         0x000000003ffeacbf        0x1 
 .bss           0x000000003ffeacc0       0x40 /opt/esp-open-sdk/sdk/lib/libpp.a(if_hwctrl.o)
                0x000000003ffeacc0                interface_mask
                0x000000003ffeace0                if_ctrl
 .bss           0x000000003ffead00      0x150 /opt/esp-open-sdk/sdk/lib/libpp.a(lmac.o)
                0x000000003ffead04                lmacConfMib
 .bss           0x000000003ffeae50      0x11a /opt/esp-open-sdk/sdk/lib/libpp.a(pm.o)
                0x000000003ffeae50                pmc
                0x000000003ffeaf30                flash_tmp
 *fill*         0x000000003ffeaf6a        0x2 
 .bss           0x000000003ffeaf6c       0x30 /opt/esp-open-sdk/sdk/lib/libpp.a(pm_for_bcn_only_mode.o)
 *fill*         0x000000003ffeaf9c        0x4 
 .bss           0x000000003ffeafa0      0x2e2 /opt/esp-open-sdk/sdk/lib/libpp.a(pp.o)
                0x000000003ffeafb8                pend_flag_noise_check
                0x000000003ffeafc0                pend_flag_periodic_cal
                0x000000003ffeafd8                idle_timer_reopen_flag
                0x000000003ffeafda                dbg_stop_sw_wdt
                0x000000003ffeafdb                dbg_stop_hw_wdt
                0x000000003ffeafdc                HighestFreqOffsetInOneChk
                0x000000003ffeafde                LowestFreqOffsetInOneChk
                0x000000003ffeafe0                DefFreqCalTimer
 *fill*         0x000000003ffeb282        0xe 
 .bss           0x000000003ffeb290      0x100 /opt/esp-open-sdk/sdk/lib/libpp.a(rate_control.o)
 .bss           0x000000003ffeb390      0x46c /opt/esp-open-sdk/sdk/lib/libpp.a(trc.o)
 *fill*         0x000000003ffeb7fc        0x4 
 .bss           0x000000003ffeb800     0x2f68 /opt/esp-open-sdk/sdk/lib/libpp.a(wdev.o)
                0x000000003ffeb800                wDevCtrl
                0x000000003ffeb9a8                WdevTimOffSet
 *fill*         0x000000003ffee768        0x8 
 .bss           0x000000003ffee770     0x12f4 /opt/esp-open-sdk/sdk/lib/libpp.a(esf_buf.o)
 .bss           0x000000003ffefa64      0x678 /opt/esp-open-sdk/sdk/lib/libnet80211.a(ieee80211.o)
                0x000000003ffefa64                g_ic
 .bss           0x000000003fff00dc       0x49 /opt/esp-open-sdk/sdk/lib/libnet80211.a(ieee80211_hostap.o)
                0x000000003fff00dc                BcnEb_update
                0x000000003fff0104                PendFreeBcnEb
                0x000000003fff0108                ApFreqCalTimer
                0x000000003fff011c                APRecvBcnStartTick
 *fill*         0x000000003fff0125        0x3 
 .bss           0x000000003fff0128       0xc8 /opt/esp-open-sdk/sdk/lib/libnet80211.a(ieee80211_scan.o)
                0x000000003fff0128                gScanStruct
                0x000000003fff01d4                connect_scan_flag
                0x000000003fff01d5                FreqCalCntForScan
                0x000000003fff01d6                TestStaFreqCalValInput
                0x000000003fff01d8                auth_type
                0x000000003fff01da                scannum
 .bss           0x000000003fff01f0       0x10 /opt/esp-open-sdk/sdk/lib/libnet80211.a(ieee80211_sta.o)
 .bss           0x000000003fff0200       0x3c /opt/esp-open-sdk/sdk/lib/libnet80211.a(wl_chm.o)
 *fill*         0x000000003fff023c        0x4 
 .bss           0x000000003fff0240      0x37a /opt/esp-open-sdk/sdk/lib/libnet80211.a(wl_cnx.o)
                0x000000003fff05a0                sta_con_timer
                0x000000003fff05b4                g_cnx_probe_rc_list_cb
                0x000000003fff05b8                reconnect_flag
                0x000000003fff05b9                no_ap_found_index
 *fill*         0x000000003fff05ba        0x2 
 .bss           0x000000003fff05bc       0x10 /opt/esp-open-sdk/sdk/lib/libnet80211.a(ieee80211_action_vendor.o)
 *fill*         0x000000003fff05cc        0x4 
 .bss           0x000000003fff05d0       0x38 /opt/esp-open-sdk/sdk/lib/liblwip.a(dhcp.o)
                0x000000003fff05d0                dhcp_rx_options_given
                0x000000003fff05e0                dhcp_rx_options_val
 .bss           0x000000003fff0608       0x28 /opt/esp-open-sdk/sdk/lib/liblwip.a(dhcpserver.o)
 .bss           0x000000003fff0630      0x480 /opt/esp-open-sdk/sdk/lib/liblwip.a(dns.o)
 .bss           0x000000003fff0ab0       0x78 /opt/esp-open-sdk/sdk/lib/liblwip.a(espconn_tcp.o)
                0x000000003fff0ab0                espconn_TaskQueue
 *fill*         0x000000003fff0b28        0x8 
 .bss           0x000000003fff0b30      0x100 /opt/esp-open-sdk/sdk/lib/liblwip.a(etharp.o)
                0x000000003fff0b34                ethzero
 .bss           0x000000003fff0c30       0x10 /opt/esp-open-sdk/sdk/lib/liblwip.a(ip_addr.o)
 .bss           0x000000003fff0c40       0x12 /opt/esp-open-sdk/sdk/lib/liblwip.a(ip.o)
                0x000000003fff0c40                current_iphdr_dest
                0x000000003fff0c44                current_iphdr_src
                0x000000003fff0c48                current_netif
                0x000000003fff0c4c                current_header
 *fill*         0x000000003fff0c52        0x2 
 .bss           0x000000003fff0c54        0x9 /opt/esp-open-sdk/sdk/lib/liblwip.a(netif.o)
                0x000000003fff0c54                netif_list
                0x000000003fff0c58                netif_default
 *fill*         0x000000003fff0c5d        0x3 
 .bss           0x000000003fff0c60        0x4 /opt/esp-open-sdk/sdk/lib/liblwip.a(raw.o)
 .bss           0x000000003fff0c64       0x34 /opt/esp-open-sdk/sdk/lib/liblwip.a(tcp_in.o)
                0x000000003fff0c94                tcp_input_pcb
 .bss           0x000000003fff0c98       0x1c /opt/esp-open-sdk/sdk/lib/liblwip.a(tcp.o)
                0x000000003fff0c9c                tcp_active_pcbs
                0x000000003fff0ca0                tcp_tmp_pcb
                0x000000003fff0ca4                tcp_tw_pcbs
                0x000000003fff0ca8                tcp_bound_pcbs
                0x000000003fff0cac                tcp_listen_pcbs
                0x000000003fff0cb0                tcp_ticks
 .bss           0x000000003fff0cb4        0xc /opt/esp-open-sdk/sdk/lib/liblwip.a(timers.o)
 .bss           0x000000003fff0cc0        0x4 /opt/esp-open-sdk/sdk/lib/liblwip.a(udp.o)
                0x000000003fff0cc0                udp_pcbs
 *fill*         0x000000003fff0cc4        0xc 
 .bss           0x000000003fff0cd0      0x104 /opt/esp-open-sdk/sdk/lib/liblwip.a(espconn.o)
                0x000000003fff0cd0                plink_active
                0x000000003fff0cd4                pserver_list
                0x000000003fff0ce0                premot
                0x000000003fff0da0                pktinfo
 .bss           0x000000003fff0dd4        0xc /opt/esp-open-sdk/sdk/lib/liblwip.a(igmp.o)
 .bss           0x000000003fff0de0      0x26a /opt/esp-open-sdk/sdk/lib/libwpa.a(wpa.o)
 *fill*         0x000000003fff104a        0x6 
 .bss           0x000000003fff1050        0x8 /opt/esp-open-sdk/sdk/lib/libnet80211.a(ieee80211_crypto_tkip.o)
 *(.bss.*)
 .bss._ZL5ESP01
                0x000000003fff1058       0x30 /opt/Sming/Sming/compiler/lib//libsming.a(user_main.o)
 .bss._ZL11INADDR_NONE
                0x000000003fff1088        0x8 /opt/Sming/Sming/compiler/lib//libsming.a(user_main.o)
 .bss.System    0x000000003fff1090       0x2c /opt/Sming/Sming/compiler/lib//libsming.a(System.o)
                0x000000003fff1090                System
 .bss._ZL5ESP01
                0x000000003fff10bc       0x30 /opt/Sming/Sming/compiler/lib//libsming.a(IPAddress.o)
 .bss._ZL11INADDR_NONE
                0x000000003fff10ec        0x8 /opt/Sming/Sming/compiler/lib//libsming.a(IPAddress.o)
 .bss._ZL11INADDR_NONE
                0x000000003fff10f4        0x8 /opt/Sming/Sming/compiler/lib//libsming.a(Print.o)
 .bss._ZZN6StringixEjE19dummy_writable_char
                0x000000003fff10fc        0x1 /opt/Sming/Sming/compiler/lib//libsming.a(WString.o)
 *fill*         0x000000003fff10fd        0x3 
 .bss._ZL11INADDR_NONE
                0x000000003fff1100        0x8 /opt/Sming/Sming/compiler/lib//libsming.a(WString.o)
 .bss._delegateFunctionList
                0x000000003fff1108       0x40 /opt/Sming/Sming/compiler/lib//libsming.a(Interrupts.o)
                0x000000003fff1108                _delegateFunctionList
 .bss._ZL11INADDR_NONE
                0x000000003fff1148        0x8 /opt/Sming/Sming/compiler/lib//libsming.a(Interrupts.o)
 .bss._ZL14interruptState
                0x000000003fff1150        0x4 /opt/Sming/Sming/compiler/lib//libsming.a(xt_interrupts.o)
 .bss._ZL11INADDR_NONE
                0x000000003fff1154        0x8 /opt/Sming/Sming/compiler/lib//libsming.a(Digital.o)
 .bss.thingSpeak
                0x000000003fff115c       0x7c out/build/app_app.a(application.o)
                0x000000003fff115c                thingSpeak
 .bss.vypisovac
                0x000000003fff11d8       0x30 out/build/app_app.a(application.o)
                0x000000003fff11d8                vypisovac
 .bss.procTimer
                0x000000003fff1208       0x30 out/build/app_app.a(application.o)
                0x000000003fff1208                procTimer
 .bss.apIP      0x000000003fff1238        0x8 out/build/app_app.a(application.o)
                0x000000003fff1238                apIP
 .bss.u3        0x000000003fff1240        0x8 out/build/app_app.a(application.o)
                0x000000003fff1240                u3
 .bss.u2        0x000000003fff1248        0x8 out/build/app_app.a(application.o)
                0x000000003fff1248                u2
 .bss.u1        0x000000003fff1250        0x8 out/build/app_app.a(application.o)
                0x000000003fff1250                u1
 .bss.i3        0x000000003fff1258        0x8 out/build/app_app.a(application.o)
                0x000000003fff1258                i3
 .bss.i2        0x000000003fff1260        0x8 out/build/app_app.a(application.o)
                0x000000003fff1260                i2
 .bss.i1        0x000000003fff1268        0x8 out/build/app_app.a(application.o)
                0x000000003fff1268                i1
 .bss.p3        0x000000003fff1270        0x8 out/build/app_app.a(application.o)
                0x000000003fff1270                p3
 .bss.p2        0x000000003fff1278        0x8 out/build/app_app.a(application.o)
                0x000000003fff1278                p2
 .bss.p1        0x000000003fff1280        0x8 out/build/app_app.a(application.o)
                0x000000003fff1280                p1
 .bss.s2        0x000000003fff1288        0x8 out/build/app_app.a(application.o)
                0x000000003fff1288                s2
 .bss.s         0x000000003fff1290        0x8 out/build/app_app.a(application.o)
                0x000000003fff1290                s
 .bss._ZL5ESP01
                0x000000003fff1298       0x30 out/build/app_app.a(application.o)
 .bss._ZL11INADDR_NONE
                0x000000003fff12c8        0x8 out/build/app_app.a(application.o)
 .bss.dowfid    0x000000003fff12d0        0x4 out/build/app_app.a(webserver.o)
                0x000000003fff12d0                dowfid
 .bss.downloadClient
                0x000000003fff12d4       0x7c out/build/app_app.a(webserver.o)
                0x000000003fff12d4                downloadClient
 .bss.downloadTimer
                0x000000003fff1350       0x30 out/build/app_app.a(webserver.o)
                0x000000003fff1350                downloadTimer
 .bss.server    0x000000003fff1380       0x80 out/build/app_app.a(webserver.o)
                0x000000003fff1380                server
 .bss.serverStarted
                0x000000003fff1400        0x1 out/build/app_app.a(webserver.o)
                0x000000003fff1400                serverStarted
 *fill*         0x000000003fff1401        0x3 
 .bss._ZL5ESP01
                0x000000003fff1404       0x30 out/build/app_app.a(webserver.o)
 .bss._ZL11INADDR_NONE
                0x000000003fff1434        0x8 out/build/app_app.a(webserver.o)
 .bss.ActiveConfig
                0x000000003fff143c       0x64 out/build/app_app.a(configuration.o)
                0x000000003fff143c                ActiveConfig
 .bss._ZL5ESP01
                0x000000003fff14a0       0x30 out/build/app_app.a(configuration.o)
 .bss._ZL11INADDR_NONE
                0x000000003fff14d0        0x8 out/build/app_app.a(configuration.o)
 .bss.spiffs_cache
                0x000000003fff14d8      0x480 /opt/Sming/Sming/compiler/lib//libsming.a(spiffs_sming.o)
 .bss.spiffs_fds
                0x000000003fff1958       0xe0 /opt/Sming/Sming/compiler/lib//libsming.a(spiffs_sming.o)
 .bss.spiffs_work_buf
                0x000000003fff1a38      0x200 /opt/Sming/Sming/compiler/lib//libsming.a(spiffs_sming.o)
 .bss._ZL11INADDR_NONE
                0x000000003fff1c38        0x8 /opt/Sming/Sming/compiler/lib//libsming.a(DataSourceStream.o)
 .bss.Serial    0x000000003fff1c40       0x18 /opt/Sming/Sming/compiler/lib//libsming.a(HardwareSerial.o)
                0x000000003fff1c40                Serial
 .bss._ZN14HardwareSerial10memberDataE
                0x000000003fff1c58       0x18 /opt/Sming/Sming/compiler/lib//libsming.a(HardwareSerial.o)
                0x000000003fff1c58                _ZN14HardwareSerial10memberDataE
 .bss._ZL11INADDR_NONE
                0x000000003fff1c70        0x8 /opt/Sming/Sming/compiler/lib//libsming.a(HardwareSerial.o)
 .bss.RTC       0x000000003fff1c78        0x1 /opt/Sming/Sming/compiler/lib//libsming.a(RTC.o)
                0x000000003fff1c78                RTC
 *fill*         0x000000003fff1c79        0x3 
 .bss.WifiStation
                0x000000003fff1c7c       0x24 /opt/Sming/Sming/compiler/lib//libsming.a(Station.o)
                0x000000003fff1c7c                WifiStation
 .bss._ZL5ESP01
                0x000000003fff1ca0       0x30 /opt/Sming/Sming/compiler/lib//libsming.a(Station.o)
 .bss._ZL11INADDR_NONE
                0x000000003fff1cd0        0x8 /opt/Sming/Sming/compiler/lib//libsming.a(Station.o)
 .bss.WifiAccessPoint
                0x000000003fff1cd8        0x8 /opt/Sming/Sming/compiler/lib//libsming.a(AccessPoint.o)
                0x000000003fff1cd8                WifiAccessPoint
 .bss._ZL5ESP01
                0x000000003fff1ce0       0x30 /opt/Sming/Sming/compiler/lib//libsming.a(AccessPoint.o)
 .bss._ZL11INADDR_NONE
                0x000000003fff1d10        0x8 /opt/Sming/Sming/compiler/lib//libsming.a(AccessPoint.o)
 .bss._ZL5ESP01
                0x000000003fff1d18       0x30 /opt/Sming/Sming/compiler/lib//libsming.a(HttpClient.o)
 .bss._ZL11INADDR_NONE
                0x000000003fff1d48        0x8 /opt/Sming/Sming/compiler/lib//libsming.a(HttpClient.o)
 .bss._ZL11INADDR_NONE
                0x000000003fff1d50        0x8 /opt/Sming/Sming/compiler/lib//libsming.a(HttpServer.o)
 .bss._ZL11INADDR_NONE
                0x000000003fff1d58        0x8 /opt/Sming/Sming/compiler/lib//libsming.a(HttpResponse.o)
 .bss._ZL11INADDR_NONE
                0x000000003fff1d60        0x8 /opt/Sming/Sming/compiler/lib//libsming.a(TcpConnection.o)
 .bss._ZL11INADDR_NONE
                0x000000003fff1d68        0x8 /opt/Sming/Sming/compiler/lib//libsming.a(HttpRequest.o)
 .bss._ZL11INADDR_NONE
                0x000000003fff1d70        0x8 /opt/Sming/Sming/compiler/lib//libsming.a(TcpClient.o)
 .bss._ZL11INADDR_NONE
                0x000000003fff1d78        0x8 /opt/Sming/Sming/compiler/lib//libsming.a(HttpServerConnection.o)
 .bss._ZL5ESP01
                0x000000003fff1d80       0x30 /opt/Sming/Sming/compiler/lib//libsming.a(DateTime.o)
 .bss._ZL11INADDR_NONE
                0x000000003fff1db0        0x8 /opt/Sming/Sming/compiler/lib//libsming.a(DateTime.o)
 .bss._ZN11ArduinoJson10JsonObject8_invalidE
                0x000000003fff1db8        0x8 /opt/Sming/Sming/compiler/lib//libsming.a(ArduinoJson.o)
                0x000000003fff1db8                _ZN11ArduinoJson10JsonObject8_invalidE
 .bss._ZN11ArduinoJson9JsonArray8_invalidE
                0x000000003fff1dc0        0x8 /opt/Sming/Sming/compiler/lib//libsming.a(ArduinoJson.o)
                0x000000003fff1dc0                _ZN11ArduinoJson9JsonArray8_invalidE
 .bss._ZL11INADDR_NONE
                0x000000003fff1dc8        0x8 /opt/Sming/Sming/compiler/lib//libsming.a(CommandExecutor.o)
 .bss._ZL11INADDR_NONE
                0x000000003fff1dd0        0x8 /opt/Sming/Sming/compiler/lib//libsming.a(Clock.o)
 .bss.WDT       0x000000003fff1dd8        0x8 /opt/Sming/Sming/compiler/lib//libsming.a(WDT.o)
                0x000000003fff1dd8                WDT
 .bss._ZN9TcpServer16totalConnectionsE
                0x000000003fff1de0        0x2 /opt/Sming/Sming/compiler/lib//libsming.a(TcpServer.o)
                0x000000003fff1de0                _ZN9TcpServer16totalConnectionsE
 *fill*         0x000000003fff1de2        0x2 
 .bss._ZL11INADDR_NONE
                0x000000003fff1de4        0x8 /opt/Sming/Sming/compiler/lib//libsming.a(TcpServer.o)
 .bss._ZL11INADDR_NONE
                0x000000003fff1dec        0x8 /opt/Sming/Sming/compiler/lib//libsming.a(WebSocket.o)
 .bss.commandHandler
                0x000000003fff1df4       0x1c /opt/Sming/Sming/compiler/lib//libsming.a(CommandHandler.o)
                0x000000003fff1df4                commandHandler
 .bss._ZL11INADDR_NONE
                0x000000003fff1e10        0x8 /opt/Sming/Sming/compiler/lib//libsming.a(CommandHandler.o)
 .bss._ZL11INADDR_NONE
                0x000000003fff1e18        0x8 /opt/Sming/Sming/compiler/lib//libsming.a(CommandOutput.o)
 .bss._ZL11INADDR_NONE
                0x000000003fff1e20        0x8 /opt/Sming/Sming/compiler/lib//libsming.a(CommandDelegate.o)
 .bss.SystemClock
                0x000000003fff1e28       0x18 /opt/Sming/Sming/compiler/lib//libsming.a(SystemClock.o)
                0x000000003fff1e28                SystemClock
 .bss._ZL11INADDR_NONE
                0x000000003fff1e40        0x8 /opt/Sming/Sming/compiler/lib//libsming.a(SystemClock.o)
 *(.gnu.linkonce.b.*)
 *(COMMON)
 COMMON         0x000000003fff1e48       0x70 /opt/Sming/Sming/compiler/lib//libsming.a(spiffs_sming.o)
                0x000000003fff1e48                _filesystemStorageHandle
                0x000000003fff1eb8                . = ALIGN (0x8)
                0x000000003fff1eb8                _bss_end = ABSOLUTE (.)
                0x000000003fff1eb8                _heap_start = ABSOLUTE (.)

.irom0.text     0x0000000040209000    0x3ecd8
                0x0000000040209000                _irom0_text_start = ABSOLUTE (.)
 *(.irom0.literal .irom.literal .irom.text.literal .irom0.text .irom.text)
 .irom0.text    0x0000000040209000      0x991 /opt/esp-open-sdk/sdk/lib/libmain.a(app_main.o)
                                        0xb55 (size before relaxing)
                0x00000000402091e0                wdt_init
                0x000000004020926c                user_uart_wait_tx_fifo_empty
                0x0000000040209518                user_rf_pre_init
 *fill*         0x0000000040209991        0x3 
 .irom0.text    0x0000000040209994      0x186 /opt/esp-open-sdk/sdk/lib/libmain.a(ets_timer.o)
                                        0x1b2 (size before relaxing)
                0x000000004020999c                ets_timer_done
                0x00000000402099e8                ets_timer_handler_isr
                0x0000000040209ab8                ets_timer_init
 *fill*         0x0000000040209b1a        0x2 
 .irom0.text    0x0000000040209b1c       0xb8 /opt/esp-open-sdk/sdk/lib/libmain.a(mem_manager.o)
                                         0xc0 (size before relaxing)
                0x0000000040209b84                xPortGetFreeHeapSize
                0x0000000040209b8c                vPortInitialiseBlocks
 .irom0.text    0x0000000040209bd4     0x31dd /opt/esp-open-sdk/sdk/lib/libmain.a(user_interface.o)
                                       0x3b99 (size before relaxing)
                0x0000000040209bd8                system_set_os_print
                0x0000000040209be8                system_get_os_print
                0x0000000040209db0                system_pp_recycle_rx_pkt
                0x0000000040209dc4                system_adc_read
                0x0000000040209ddc                system_get_vdd33
                0x0000000040209e08                system_restart_local
                0x0000000040209edc                system_restart
                0x0000000040209f38                system_restore
                0x0000000040209fa0                system_get_flash_size_map
                0x0000000040209fc0                system_get_boot_version
                0x0000000040209ff8                system_get_test_result
                0x000000004020a020                system_get_userbin_addr
                0x000000004020a0b8                system_get_boot_mode
                0x000000004020a0e8                system_restart_enhance
                0x000000004020a218                system_upgrade_userbin_set
                0x000000004020a264                system_upgrade_userbin_check
                0x000000004020a2a4                system_upgrade_flag_set
                0x000000004020a2b8                system_upgrade_flag_check
                0x000000004020a2e0                system_upgrade_reboot
                0x000000004020a414                system_deep_sleep_instant
                0x000000004020a5ac                system_deep_sleep
                0x000000004020a60c                system_deep_sleep_set_option
                0x000000004020a628                system_phy_temperature_alert
                0x000000004020a63c                system_phy_set_max_tpw
                0x000000004020a650                system_phy_set_tpw_via_vdd33
                0x000000004020a664                system_phy_set_rfoption
                0x000000004020a678                system_phy_set_powerup_option
                0x000000004020a690                system_update_cpu_freq
                0x000000004020a6ec                system_get_cpu_freq
                0x000000004020a704                system_overclock
                0x000000004020a730                system_restoreclock
                0x000000004020a760                system_timer_reinit
                0x000000004020a778                system_relative_time
                0x000000004020a79c                system_station_got_ip_set
                0x000000004020a8c8                system_print_meminfo
                0x000000004020a928                system_get_free_heap_size
                0x000000004020a940                system_get_chip_id
                0x000000004020a964                system_rtc_clock_cali_proc
                0x000000004020a978                system_get_rtc_time
                0x000000004020a98c                system_mktime
                0x000000004020aa5c                system_init_done_cb
                0x000000004020aa64                system_get_rst_info
                0x000000004020aa6c                system_get_data_of_array_8
                0x000000004020aa90                system_get_data_of_array_16
                0x000000004020aab8                system_get_string_from_flash
                0x000000004020ab24                wifi_softap_dhcps_start
                0x000000004020ab6c                wifi_softap_dhcps_stop
                0x000000004020abac                wifi_softap_dhcps_status
                0x000000004020abb4                wifi_station_dhcpc_start
                0x000000004020ac0c                wifi_station_dhcpc_stop
                0x000000004020ac4c                wifi_station_dhcpc_event
                0x000000004020acc0                wifi_station_dhcpc_set_maxtry
                0x000000004020acd0                wifi_station_dhcpc_status
                0x000000004020ad48                wifi_get_opmode
                0x000000004020ad5c                wifi_get_opmode_default
                0x000000004020add8                wifi_get_broadcast_if
                0x000000004020ae14                wifi_set_broadcast_if
                0x000000004020af24                wifi_set_opmode
                0x000000004020af38                wifi_set_opmode_current
                0x000000004020af4c                system_get_checksum
                0x000000004020af8c                wifi_param_save_protect_with_check
                0x000000004020b020                system_param_save_with_protect
                0x000000004020b0c8                system_save_sys_param
                0x000000004020b0f4                system_param_load
                0x000000004020b22c                wifi_station_get_config
                0x000000004020b240                wifi_station_get_config_default
                0x000000004020b260                wifi_station_get_ap_info
                0x000000004020b318                wifi_station_ap_number_set
                0x000000004020b5e0                wifi_station_set_config
                0x000000004020b5f8                wifi_station_set_config_current
                0x000000004020b610                wifi_station_get_current_ap_id
                0x000000004020b624                wifi_station_ap_check
                0x000000004020b664                wifi_station_ap_change
                0x000000004020b790                wifi_station_scan
                0x000000004020b7dc                wifi_station_get_auto_connect
                0x000000004020b7f0                wifi_station_set_auto_connect
                0x000000004020b840                wifi_station_save_pmk2cache
                0x000000004020b8f4                wifi_station_connect
                0x000000004020b988                wifi_station_disconnect
                0x000000004020ba48                wifi_station_get_connect_status
                0x000000004020ba78                wifi_station_set_reconnect_policy
                0x000000004020ba90                wifi_station_get_reconnect_policy
                0x000000004020ba98                wifi_station_get_rssi
                0x000000004020bae8                wifi_station_set_default_hostname
                0x000000004020bb50                wifi_station_get_hostname
                0x000000004020bb80                wifi_station_set_hostname
                0x000000004020bc20                wifi_softap_cacl_mac
                0x000000004020bc90                wifi_softap_set_default_ssid
                0x000000004020be70                wifi_softap_get_config
                0x000000004020be84                wifi_softap_get_config_default
                0x000000004020c0ec                wifi_softap_set_config
                0x000000004020c100                wifi_softap_set_config_current
                0x000000004020c114                wifi_softap_set_station_info
                0x000000004020c180                wifi_softap_get_station_info
                0x000000004020c230                wifi_softap_free_station_info
                0x000000004020c278                wifi_softap_get_station_num
                0x000000004020c2cc                wifi_softap_deauth
                0x000000004020c37c                wifi_softap_get_beacon_only_mode
                0x000000004020c390                wifi_softap_set_beacon_only_mode
                0x000000004020c3f4                wifi_register_user_ie_manufacturer_recv_cb
                0x000000004020c408                wifi_unregister_user_ie_manufacturer_recv_cb
                0x000000004020c43c                wifi_set_user_ie
                0x000000004020c54c                wifi_get_user_ie
                0x000000004020c580                wifi_get_phy_mode
                0x000000004020c588                wifi_set_phy_mode
                0x000000004020c650                wifi_set_sleep_type
                0x000000004020c66c                wifi_get_sleep_type
                0x000000004020c684                wifi_get_channel
                0x000000004020c69c                wifi_set_channel
                0x000000004020c6e0                wifi_promiscuous_set_mac
                0x000000004020c740                wifi_promiscuous_enable
                0x000000004020c824                wifi_set_promiscuous_rx_cb
                0x000000004020c834                wifi_get_ip_info
                0x000000004020c8b4                wifi_set_ip_info
                0x000000004020c928                wifi_get_macaddr
                0x000000004020c988                wifi_set_macaddr
                0x000000004020caa8                wifi_enable_6m_rate
                0x000000004020cab0                wifi_get_user_fixed_rate
                0x000000004020cad0                wifi_set_user_fixed_rate
                0x000000004020caf0                wifi_set_user_sup_rate
                0x000000004020cb0c                wifi_get_user_limit_rate_mask
                0x000000004020cb14                wifi_set_user_limit_rate_mask
                0x000000004020cb2c                wifi_register_send_pkt_freedom_cb
                0x000000004020cb40                wifi_unregister_send_pkt_freedom_cb
                0x000000004020cb4c                wifi_send_pkt_freedom
                0x000000004020cb98                wifi_rfid_locp_recv_open
                0x000000004020cbac                wifi_rfid_locp_recv_close
                0x000000004020cbc0                wifi_register_rfid_locp_recv_cb
                0x000000004020cbd4                wifi_unregister_rfid_locp_recv_cb
                0x000000004020cbe8                wifi_status_led_install
                0x000000004020cc1c                wifi_status_led_uninstall
                0x000000004020cc40                wifi_set_status_led_output_level
                0x000000004020cc98                wifi_set_event_handler_cb
                0x000000004020ccd8                system_os_task
                0x000000004020cd18                system_uart_swap
                0x000000004020cd78                system_uart_de_swap
                0x000000004020cdac                system_get_sdk_version
 *fill*         0x000000004020cdb1        0x3 
 .irom0.text    0x000000004020cdb4      0x610 /opt/esp-open-sdk/sdk/lib/libmain.a(eagle_lib.o)
                                        0x620 (size before relaxing)
                0x000000004020cdb8                divide
                0x000000004020cdf4                skip_atoi
                0x000000004020cf74                ets_vsnprintf
                0x000000004020d2d4                ets_vsprintf
                0x000000004020d2f8                ets_sprintf
                0x000000004020d320                ets_strcat
                0x000000004020d340                ets_strrchr
                0x000000004020d36c                ets_strchr
                0x000000004020d384                bit_popcount
                0x000000004020d3a0                ets_snprintf
 .irom0.text    0x000000004020d3c4      0x2f6 /opt/esp-open-sdk/sdk/lib/libmain.a(eagle_lwip_if.o)
                                        0x3b2 (size before relaxing)
                0x000000004020d47c                eagle_lwip_if_alloc
                0x000000004020d62c                eagle_lwip_if_free
                0x000000004020d698                eagle_lwip_getif
 *fill*         0x000000004020d6ba        0x2 
 .irom0.literal
                0x000000004020d6bc       0x10 /opt/Sming/Sming/compiler/lib//libmicroc.a(strtol.o)
                                         0x2c (size before relaxing)
 .irom0.literal
                0x000000004020d6cc        0x0 /opt/Sming/Sming/compiler/lib//libmicroc.a(strchr.o)
                                          0x4 (size before relaxing)
 .irom0.literal
                0x000000004020d6cc        0x0 /opt/Sming/Sming/compiler/lib//libmicroc.a(strrchr.o)
                                          0x4 (size before relaxing)
 .irom0.literal
                0x000000004020d6cc        0xc /opt/Sming/Sming/compiler/lib//libmicroc.a(strchrnul.o)
 .irom0.literal
                0x000000004020d6d8        0x4 /opt/Sming/Sming/compiler/lib//libmicroc.a(malloc.o)
                                         0x14 (size before relaxing)
 .irom0.literal
                0x000000004020d6dc        0x4 /opt/Sming/Sming/compiler/lib//libmicroc.a(abort.o)
                                          0x8 (size before relaxing)
 .irom0.literal
                0x000000004020d6e0       0x2c /opt/Sming/Sming/compiler/lib//libmicroc.a(intscan.o)
                                         0x84 (size before relaxing)
 .irom0.literal
                0x000000004020d70c        0x0 /opt/Sming/Sming/compiler/lib//libmicroc.a(shgetc.o)
                                          0x4 (size before relaxing)
 .irom0.literal
                0x000000004020d70c        0x0 /opt/Sming/Sming/compiler/lib//libmicroc.a(__uflow.o)
                                          0x4 (size before relaxing)
 .irom0.literal
                0x000000004020d70c        0x0 /opt/Sming/Sming/compiler/lib//libmicroc.a(__toread.o)
                                          0x4 (size before relaxing)
 .irom0.literal
                0x000000004020d70c        0x4 /opt/Sming/Sming/compiler/lib//libmicroc.a(__errno_location.o)
 .irom0.literal
                0x000000004020d710        0x0 /opt/Sming/Sming/compiler/lib//libmicroc.a(memchr.o)
                                          0x8 (size before relaxing)
 .irom0.literal
                0x000000004020d710        0x8 /opt/Sming/Sming/compiler/lib//libmicrogcc.a(_divsf3.o)
                                         0x10 (size before relaxing)
 .irom0.text    0x000000004020d718       0xd9 /opt/Sming/Sming/compiler/lib//libmicroc.a(strtol.o)
                                         0xe1 (size before relaxing)
                0x000000004020d794                strtoull
                0x000000004020d7ac                strtoll
                0x000000004020d7c4                strtoul
                0x000000004020d7dc                strtol
 *fill*         0x000000004020d7f1        0x3 
 .irom0.text    0x000000004020d7f4       0x25 /opt/Sming/Sming/compiler/lib//libmicroc.a(strchr.o)
                                         0x29 (size before relaxing)
                0x000000004020d7f4                strchr
 *fill*         0x000000004020d819        0x3 
 .irom0.text    0x000000004020d81c        0xf /opt/Sming/Sming/compiler/lib//libmicroc.a(strrchr.o)
                                         0x13 (size before relaxing)
                0x000000004020d81c                strrchr
 *fill*         0x000000004020d82b        0x1 
 .irom0.text    0x000000004020d82c       0x75 /opt/Sming/Sming/compiler/lib//libmicroc.a(strchrnul.o)
                0x000000004020d82c                __strchrnul
                0x000000004020d82c                strchrnul
 *fill*         0x000000004020d8a1        0x3 
 .irom0.text    0x000000004020d8a4       0x65 /opt/Sming/Sming/compiler/lib//libmicroc.a(malloc.o)
                0x000000004020d8a4                malloc
                0x000000004020d8b8                free
                0x000000004020d8cc                realloc
                0x000000004020d8e0                zalloc
                0x000000004020d8f4                calloc
 *fill*         0x000000004020d909        0x3 
 .irom0.text    0x000000004020d90c       0x11 /opt/Sming/Sming/compiler/lib//libmicroc.a(abort.o)
                0x000000004020d90c                abort
 *fill*         0x000000004020d91d        0x3 
 .irom0.text    0x000000004020d920      0x489 /opt/Sming/Sming/compiler/lib//libmicroc.a(intscan.o)
                                        0x499 (size before relaxing)
                0x000000004020d920                __intscan
 *fill*         0x000000004020dda9        0x3 
 .irom0.text    0x000000004020ddac       0x95 /opt/Sming/Sming/compiler/lib//libmicroc.a(shgetc.o)
                0x000000004020ddac                __shlim
                0x000000004020ddcc                __shgetc
 *fill*         0x000000004020de41        0x3 
 .irom0.text    0x000000004020de44       0x39 /opt/Sming/Sming/compiler/lib//libmicroc.a(__uflow.o)
                0x000000004020de44                __uflow
 *fill*         0x000000004020de7d        0x3 
 .irom0.text    0x000000004020de80       0x67 /opt/Sming/Sming/compiler/lib//libmicroc.a(__toread.o)
                                         0x6b (size before relaxing)
                0x000000004020de80                __toread
                0x000000004020ded8                __toread_needs_stdio_exit
 *fill*         0x000000004020dee7        0x1 
 .irom0.text    0x000000004020dee8        0x5 /opt/Sming/Sming/compiler/lib//libmicroc.a(__errno_location.o)
                0x000000004020dee8                __errno_location
 *fill*         0x000000004020deed        0x3 
 .irom0.text    0x000000004020def0       0xfa /opt/esp-open-sdk/sdk/lib/libphy.a(phy.o)
                                        0x11e (size before relaxing)
                0x000000004020def4                rf_init
                0x000000004020df10                bb_init
                0x000000004020df28                phy_init
                0x000000004020df58                RFChannelSel
                0x000000004020df74                phy_delete_channel
                0x000000004020df8c                phy_enable_agc
                0x000000004020dfa4                phy_disable_agc
                0x000000004020dfbc                phy_initialize_bb
                0x000000004020dfd4                phy_set_sense
 *fill*         0x000000004020dfea        0x2 
 .irom0.text    0x000000004020dfec     0x16f7 /opt/esp-open-sdk/sdk/lib/libphy.a(phy_chip_v6_ana.o)
                                       0x18e3 (size before relaxing)
                0x000000004020dff0                ram_pbus_set_rxgain
                0x000000004020e0c8                ram_pbus_debugmode
                0x000000004020e17c                ram_pbus_xpd_tx_on
                0x000000004020e1e8                set_rf_freq_offset
                0x000000004020e25c                chip_v6_rxmax_ext_ana
                0x000000004020e3b0                ram_chip_v6_rx_init
                0x000000004020e3e4                tsen_meas
                0x000000004020e494                readvdd33
                0x000000004020e660                txpwr_offset
                0x000000004020e71c                set_txcap_reg
                0x000000004020e79c                ram_ana_inf_gating_en
                0x000000004020e8fc                ram_restart_cal
                0x000000004020e968                wait_rfpll_cal_end
                0x000000004020e9fc                ram_rfpll_set_freq
                0x000000004020eb08                ram_set_channel_freq
                0x000000004020ee08                chip_60_set_channel
                0x000000004020ef98                chip_v6_set_chan_offset
                0x000000004020efd4                chip_v6_set_chan
                0x000000004020f068                chip_v6_set_chan_wakeup
                0x000000004020f0ec                chip_v6_rf_init
                0x000000004020f310                low_power_set
                0x000000004020f364                test_tout
                0x000000004020f4dc                check_data_flag
                0x000000004020f4fc                phy_get_check_flag
                0x000000004020f630                phy_get_vdd33
 *fill*         0x000000004020f6e3        0x1 
 .irom0.text    0x000000004020f6e4     0x3c2b /opt/esp-open-sdk/sdk/lib/libphy.a(phy_chip_v6.o)
                                       0x4293 (size before relaxing)
                0x000000004020f6e4                ram_tx_mac_enable
                0x000000004020f6e8                ram_tx_mac_disable
                0x000000004020f6ec                rtc_mem_backup
                0x000000004020f71c                rtc_mem_recovery
                0x000000004020f74c                set_cal_rxdc
                0x000000004020f800                set_rx_gain_cal_iq
                0x000000004020fb5c                gen_rx_gain_table
                0x000000004020fcb4                pbus_set_rxbbgain
                0x000000004020fd34                set_rx_gain_testchip_50
                0x0000000040210068                ram_get_corr_power
                0x0000000040210158                check_data_func
                0x0000000040210178                do_noisefloor_lsleep_v50
                0x00000000402101ac                do_noisefloor
                0x000000004021021c                start_dig_rx
                0x0000000040210260                stop_dig_rx
                0x000000004021028c                chip_v6_set_chanfreq
                0x00000000402102b8                tx_cap_init
                0x000000004021046c                target_power_add_backoff
                0x00000000402104bc                tx_pwctrl_init_cal
                0x0000000040210624                tx_atten_set_interp
                0x0000000040210894                tx_pwctrl_init
                0x0000000040210988                ram_get_noisefloor
                0x00000000402109a4                get_noisefloor_sat
                0x00000000402109d4                ram_set_noise_floor
                0x0000000040210a30                ram_start_noisefloor
                0x0000000040210a7c                read_hw_noisefloor
                0x0000000040210aa8                noise_check_loop
                0x0000000040210c04                noise_init
                0x0000000040210e04                target_power_backoff
                0x0000000040210e58                sdt_on_noise_start
                0x0000000040210ed8                chip_v6_set_chan_rx_cmp
                0x0000000040211064                chip_v6_set_chan_misc
                0x00000000402110f8                phy_dig_spur_set
                0x0000000040211450                phy_dig_spur_prot
                0x0000000040211688                chip_v6_rxmax_ext_dig
                0x00000000402116d4                chip_v6_rxmax_ext
                0x0000000040211784                phy_bb_rx_cfg
                0x0000000040211b8c                uart_wait_idle
                0x0000000040211bc4                phy_pbus_soc_cfg
                0x0000000040211c84                phy_gpio_cfg
                0x0000000040211fcc                tx_cont_en
                0x0000000040212070                tx_cont_dis
                0x00000000402120c4                tx_cont_cfg
                0x00000000402120e4                chip_v6_initialize_bb
                0x000000004021224c                periodic_cal
                0x000000004021232c                bbpll_cal
                0x00000000402123c4                periodic_cal_top
                0x0000000040212424                register_chipv6_phy_init_param
                0x00000000402126c8                change_bbpll160_sleep
                0x00000000402127f4                change_bbpll160
                0x000000004021282c                set_crystal_uart
                0x00000000402128c4                ant_switch_init
                0x0000000040212970                reduce_current_init
                0x00000000402129d8                rtc_mem_check
                0x0000000040212a14                phy_afterwake_set_rfoption
                0x0000000040212a34                deep_sleep_set_option
                0x0000000040212a60                write_data_to_rtc
                0x0000000040212a98                get_data_from_rtc
                0x0000000040212b20                register_chipv6_phy
                0x0000000040212f30                set_dpd_bypass
                0x0000000040212f58                set_rf_gain_stage10
                0x0000000040212f88                get_vdd33_offset
                0x0000000040212ffc                get_phy_target_power
                0x00000000402130b0                set_most_pwr_reg
                0x0000000040213184                phy_set_most_tpw
                0x00000000402131a4                phy_vdd33_set_tpw
                0x00000000402131bc                get_adc_rand
                0x00000000402131f0                phy_get_rand
                0x0000000040213208                phy_tx_pwctrl_cali
                0x0000000040213230                phy_check_data_table
                0x000000004021326c                phy_after_init_enrx
                0x00000000402132d0                phy_set_rx11b_reg
                0x0000000040213304                phy_set_powerup_option
 *fill*         0x000000004021330f        0x1 
 .irom0.text    0x0000000040213310     0x21ac /opt/esp-open-sdk/sdk/lib/libphy.a(phy_chip_v6_cal.o)
                                       0x23ec (size before relaxing)
                0x0000000040213310                txbbgain2dcoindex
                0x0000000040213330                dcoindex2txbbgain
                0x0000000040213354                init_cal_dcoffset
                0x0000000040213418                set_rfanagain_dc_reg
                0x00000000402134b4                set_txdc_pbus
                0x0000000040213520                get_rf_gain_qdb
                0x0000000040213548                correct_rf_ana_gain
                0x0000000040213650                get_sar_dout
                0x00000000402136e8                cal_rf_ana_gain
                0x00000000402137c0                meas_tone_pwr_db
                0x0000000040213830                tx_pwr_backoff
                0x000000004021397c                get_fcc_1m2m_pwr_offset
                0x00000000402139b8                ram_set_txbb_atten
                0x0000000040213a4c                txiq_get_mis_pwr
                0x0000000040213af0                txiq_cover
                0x0000000040213d0c                ram_rfcal_txiq
                0x0000000040213f7c                rc_cal
                0x000000004021413c                get_target_power_offset
                0x0000000040214244                get_pwctrl_correct
                0x00000000402142a0                tx_pwctrl_cal
                0x0000000040214630                tx_pwctrl_bg_init
                0x00000000402146a8                tx_pwctrl_background
                0x0000000040214780                read_sar_dout
                0x00000000402147e4                ram_get_fm_sar_dout
                0x0000000040214888                ram_cal_tos_v60
                0x0000000040214a68                ram_get_bb_atten
                0x0000000040214a98                ram_rfcal_txcap
                0x0000000040214c5c                ram_rfcal_pwrctrl
                0x0000000040214e78                ram_rxiq_get_mis
                0x0000000040215048                ram_rxiq_cover_mg_mp
                0x00000000402151ec                ram_rfcal_rxiq
                0x00000000402153f8                dpd_scale_set
                0x0000000040215440                dpd_mem_write
 .irom0.text    0x00000000402154bc      0xd7e /opt/esp-open-sdk/sdk/lib/libphy.a(phy_sleep.o)
                                        0xfaa (size before relaxing)
                0x00000000402154bc                pm_usec2rtc
                0x00000000402154f0                pm_rtc2usec
                0x0000000040215500                pm_set_sleep_cycles
                0x0000000040215528                pm_sleep_opt
                0x0000000040215640                pm_wakeup_opt
                0x0000000040215678                get_chip_version
                0x00000000402156b8                pm_sleep_opt_bb_off
                0x00000000402156f8                pm_sleep_opt_bb_on
                0x0000000040215744                pm_set_pll_xtal_wait_time
                0x000000004021578c                pm_prepare_to_sleep
                0x00000000402157b0                pm_sdio_nidle
                0x0000000040215824                chg_lslp_mem_opt_8266
                0x0000000040215854                pm_goto_sleep
                0x00000000402159a0                pm_wait4wakeup
                0x00000000402159dc                pm_open_rf
                0x0000000040215a1c                pm_sleep_set_mac
                0x0000000040215aa0                pm_set_wakeup_mac
                0x0000000040215b3c                pm_check_mac_idle
                0x0000000040215b94                pm_set_sleep_btco
                0x0000000040215c34                pm_set_wakeup_btco
                0x0000000040215d4c                pm_set_sleep_mode
                0x0000000040215e68                pm_unmask_bt
                0x0000000040215ed0                pm_wakeup_init
                0x00000000402160e0                sleep_opt_8266
                0x0000000040216100                sleep_opt_bb_on_8266
                0x0000000040216138                sleep_reset_analog_rtcreg_8266
 *fill*         0x000000004021623a        0x2 
 .irom0.text    0x000000004021623c      0x449 /opt/esp-open-sdk/sdk/lib/libpp.a(if_hwctrl.o)
                                        0x551 (size before relaxing)
                0x000000004021625c                ic_get_addr
                0x0000000040216268                ic_set_opmode
                0x000000004021627c                ic_enable_interface
                0x00000000402162cc                ic_interface_enabled
                0x00000000402162e0                ic_disable_interface
                0x0000000040216328                ic_is_pure_sta
                0x0000000040216344                ic_get_ptk_alg
                0x0000000040216354                ic_get_gtk_alg
                0x0000000040216364                ic_set_ptk_alg
                0x0000000040216374                ic_set_gtk_alg
                0x0000000040216384                ic_interface_is_p2p
                0x000000004021641c                ic_set_vif
                0x00000000402164d4                ic_set_sta
                0x0000000040216594                ic_bss_info_update
                0x00000000402165f0                ic_set_key
                0x000000004021664c                ic_remove_key
                0x0000000040216660                ic_get_rssi
 *fill*         0x0000000040216685        0x3 
 .irom0.text    0x0000000040216688      0x100 /opt/esp-open-sdk/sdk/lib/libpp.a(lmac.o)
                                        0x118 (size before relaxing)
                0x000000004021668c                lmacInitAc
                0x00000000402166c0                lmacInit
                0x000000004021676c                lmacSetRetryLimit
 .irom0.text    0x0000000040216788     0x1865 /opt/esp-open-sdk/sdk/lib/libpp.a(pm.o)
                                       0x1d59 (size before relaxing)
                0x0000000040216790                pm_rtc_clock_cali_proc
                0x00000000402167c8                pm_get_ck170_period
                0x00000000402167ec                pm_set_sleep_time
                0x0000000040216b50                pm_rf_is_closed
                0x0000000040216b80                pm_set_sleep_type_from_upper
                0x0000000040216c70                pm_get_sleep_type
                0x0000000040216df4                uart_tx_flush
                0x0000000040216df8                pm_suspend
                0x0000000040217018                pm_shutdown
                0x00000000402170f4                pm_reset_idle_sleep
                0x0000000040217134                pm_idle_sleep
                0x0000000040217140                pm_open
                0x0000000040217208                pm_onBcnRx
                0x0000000040217570                StopLightSleepSetFunc
                0x0000000040217578                LightSleepWakedCbSetFunc
                0x0000000040217a74                pm_enable_gpio_wakeup
                0x0000000040217aac                pm_attach
                0x0000000040217b9c                pm_send_nullfunc
                0x0000000040217d24                pm_is_waked
                0x0000000040217d3c                pm_is_open
                0x0000000040217d54                pm_scan_lock
                0x0000000040217d7c                pm_try_scan_unlock
                0x0000000040217d94                pm_force_scan_unlock
                0x0000000040217e10                pm_scan_unlocked
                0x0000000040217e24                pm_allow_tx
                0x0000000040217e40                pm_assoc_parse
                0x0000000040217e58                pm_set_addr
                0x0000000040217e78                pm_sleep_for
                0x0000000040217ea8                pm_post
                0x0000000040217fac                pm_get_idle_wait_time
 *fill*         0x0000000040217fed        0x3 
 .irom0.text    0x0000000040217ff0      0xa71 /opt/esp-open-sdk/sdk/lib/libpp.a(pm_for_bcn_only_mode.o)
                                        0xdf5 (size before relaxing)
                0x0000000040218004                wifi_fpm_set_sleep_type
                0x0000000040218004                fpm_set_type_from_upper
                0x00000000402180c0                wifi_fpm_get_sleep_type
                0x00000000402180c0                fpm_get_slp_type
                0x00000000402180c8                fpm_rf_is_closed
                0x00000000402180dc                fpm_is_open
                0x00000000402180e8                fpm_allow_tx
                0x000000004021810c                wifi_fpm_close
                0x000000004021810c                fpm_close
                0x0000000040218188                wifi_fpm_open
                0x0000000040218188                fpm_open
                0x00000000402181f0                fpm_attach
                0x0000000040218524                wifi_fpm_do_wakeup
                0x0000000040218524                fpm_do_wakeup
                0x00000000402189e8                fpm_do_sleep
                0x00000000402189e8                wifi_fpm_do_sleep
 *fill*         0x0000000040218a61        0x3 
 .irom0.text    0x0000000040218a64     0x1486 /opt/esp-open-sdk/sdk/lib/libpp.a(pp.o)
                                       0x182e (size before relaxing)
                0x0000000040218a70                PPWdtReset
                0x0000000040218aa4                pp_soft_wdt_init
                0x0000000040218ac4                system_soft_wdt_feed
                0x0000000040218ac4                pp_soft_wdt_feed
                0x0000000040218ae0                pp_soft_wdt_stop
                0x0000000040218ae0                system_soft_wdt_stop
                0x0000000040218b0c                pp_soft_wdt_restart
                0x0000000040218b0c                system_soft_wdt_restart
                0x0000000040218b44                RxNodeNum
                0x0000000040218b5c                TxNodeNum
                0x0000000040218b80                pp_disable_noise_timer
                0x0000000040218ba0                pp_enable_noise_timer
                0x0000000040218cb0                pp_noise_test
                0x0000000040218cc0                reset_noise_timer
                0x0000000040218cf8                pp_disable_idle_timer
                0x0000000040218d1c                pp_enable_idle_timer
                0x0000000040218d44                pp_try_enable_idle_timer
                0x0000000040218d80                ppPeocessRxPktHdr
                0x00000000402190c8                ppTxPkt
                0x00000000402191dc                ppProcessWaitQ
                0x00000000402191ec                ppRegisterTxCallback